******************************************************************************
                  TI ARM Linker PC v16.9.6                     
******************************************************************************
>> Linked Tue Oct 31 14:57:41 2023

OUTPUT FILE NAME:   <Lab5_UARTComms.out>
ENTRY POINT SYMBOL: "_c_int00"  address: 00004081


MEMORY CONFIGURATION

         name            origin    length      used     unused   attr    fill
----------------------  --------  ---------  --------  --------  ----  --------
  MAIN                  00000000   00040000  0000449c  0003bb64  R  X
  INFO                  00200000   00004000  00000000  00004000  R  X
  SRAM_CODE             01000000   00010000  00003d56  0000c2aa  RW X
  SRAM_DATA             20000000   00010000  00003d56  0000c2aa  RW  


SEGMENT ALLOCATION MAP

run origin  load origin   length   init length attrs members
----------  ----------- ---------- ----------- ----- -------
00000000    00000000    000044a0   000044a0    r-x
  00000000    00000000    000000e4   000000e4    r-- .intvecs
  000000e4    000000e4    000042e8   000042e8    r-x .text
  000043cc    000043cc    00000028   00000028    r-- .const
  000043f8    000043f8    000000a8   000000a8    r-- .cinit
20000000    20000000    00003b58   00000000    rw-
  20000000    20000000    00003526   00000000    rw- .bss
  20003528    20003528    00000400   00000000    rw- .sysmem
  20003928    20003928    00000230   00000000    rw- .data
2000fe00    2000fe00    00000200   00000000    rw-
  2000fe00    2000fe00    00000200   00000000    rw- .stack


SECTION ALLOCATION MAP

 output                                  attributes/
section   page    origin      length       input sections
--------  ----  ----------  ----------   ----------------
.intvecs   0    00000000    000000e4     
                  00000000    000000e4     startup_msp432p401r_ccs.obj (.intvecs:retain)

.binit     0    00000000    00000000     

.text      0    000000e4    000042e8     
                  000000e4    00000c18     Lab5_UARTmain.obj (.text)
                  00000cfc    000006bc     UART0.obj (.text)
                  000013b8    000005ba     EUSCIA0.obj (.text)
                  00001972    00000002     rtsv7M4_T_le_v4SPD16_eabi.lib : mpu_init.obj (.text)
                  00001974    000003d0                                   : memory.obj (.text)
                  00001d44    0000032c     system_msp432p401r.obj (.text)
                  00002070    00000248     LPF.obj (.text)
                  000022b8    00000248     Reflectance.obj (.text)
                  00002500    00000244     Motor.obj (.text)
                  00002744    00000210     FIFO0.obj (.text)
                  00002954    000001e0     Clock.obj (.text)
                  00002b34    000001c4     rtsv7M4_T_le_v4SPD16_eabi.lib : fopen.obj (.text)
                  00002cf8    000001b6                                   : fd_add_t2.obj (.text)
                  00002eae    00000002                                   : startup.obj (.text)
                  00002eb0    00000164     ADC14.obj (.text)
                  00003014    00000136     rtsv7M4_T_le_v4SPD16_eabi.lib : fd_div_t2.obj (.text)
                  0000314a    00000002     --HOLE-- [fill = 0]
                  0000314c    00000104     IRDistance.obj (.text)
                  00003250    00000104     TA3InputCapture.obj (.text)
                  00003354    000000fc     rtsv7M4_T_le_v4SPD16_eabi.lib : fd_mul_t2.obj (.text)
                  00003450    000000f4     BumpInt.obj (.text)
                  00003544    000000f4     LaunchPad.obj (.text)
                  00003638    000000ec     PWM.obj (.text)
                  00003724    000000dc     rtsv7M4_T_le_v4SPD16_eabi.lib : setvbuf.obj (.text)
                  00003800    000000c8                                   : fflush.obj (.text)
                  000038c8    000000bc                                   : open.obj (.text)
                  00003984    000000b8                                   : add_device.obj (.text)
                  00003a3c    000000a8     TimerA1.obj (.text)
                  00003ae4    0000009c     rtsv7M4_T_le_v4SPD16_eabi.lib : memcpy_t2.obj (.text)
                  00003b80    00000098                                   : fclose.obj (.text)
                  00003c18    0000007a                                   : memset_t2.obj (.text)
                  00003c92    00000002     --HOLE-- [fill = 0]
                  00003c94    00000070                                   : autoinit.obj (.text)
                  00003d04    00000070                                   : getdevice.obj (.text)
                  00003d74    00000068                                   : copy_decompress_lzss.obj (.text:decompress:lzss)
                  00003ddc    00000068                                   : hostlseek.obj (.text)
                  00003e44    00000068                                   : hostrename.obj (.text)
                  00003eac    00000068                                   : trgmsg.obj (.text)
                  00003f14    00000060                                   : hostopen.obj (.text)
                  00003f74    0000005c                                   : close.obj (.text)
                  00003fd0    00000058                                   : hostread.obj (.text)
                  00004028    00000058                                   : hostwrite.obj (.text)
                  00004080    00000054                                   : boot.obj (.text)
                  000040d4    00000054                                   : exit.obj (.text)
                  00004128    0000004c                                   : cpy_tbl.obj (.text)
                  00004174    00000044                                   : fd_tou_t2.obj (.text)
                  000041b8    00000044                                   : hostclose.obj (.text)
                  000041fc    00000044                                   : hostunlink.obj (.text)
                  00004240    00000036                                   : strncpy.obj (.text)
                  00004276    0000002e                                   : i_tofd_t2.obj (.text)
                  000042a4    0000002c                                   : unlink.obj (.text)
                  000042d0    00000028                                   : write.obj (.text)
                  000042f8    00000024     CortexM.obj (.text)
                  0000431c    00000018     rtsv7M4_T_le_v4SPD16_eabi.lib : args_main.obj (.text)
                  00004334    00000018                                   : strcmp.obj (.text)
                  0000434c    00000016                                   : strchr.obj (.text)
                  00004362    00000002     --HOLE-- [fill = 0]
                  00004364    00000014                                   : _lock.obj (.text)
                  00004378    00000014                                   : strcpy.obj (.text)
                  0000438c    00000014                                   : strlen.obj (.text)
                  000043a0    0000000e                                   : copy_decompress_none.obj (.text:decompress:none)
                  000043ae    0000000e     startup_msp432p401r_ccs.obj (.text)
                  000043bc    0000000c     rtsv7M4_T_le_v4SPD16_eabi.lib : copy_zero_init.obj (.text:decompress:ZI)
                  000043c8    00000004                                   : pre_init.obj (.text)

.const     0    000043cc    00000028     
                  000043cc    00000020     Reflectance.obj (.const:$P$T0$1)
                  000043ec    00000008     Reflectance.obj (.const:.string:$P$T1$2)

.cinit     0    000043f8    000000a8     
                  000043f8    00000081     (.cinit..data.load) [load image, compression = lzss]
                  00004479    00000003     --HOLE-- [fill = 0]
                  0000447c    0000000c     (__TI_handler_table)
                  00004488    00000008     (.cinit..bss.load) [load image, compression = zero_init]
                  00004490    00000010     (__TI_cinit_table)

.init_array 
*          0    00000000    00000000     UNINITIALIZED

.bss       0    20000000    00003526     UNINITIALIZED
                  20000000    00001000     (.common:x)
                  20001000    00001000     (.common:x2)
                  20002000    00001000     (.common:x3)
                  20003000    00000200     (.common:TxHistogram)
                  20003200    00000120     rtsv7M4_T_le_v4SPD16_eabi.lib : trgmsg.obj (.bss:_CIOBUF_)
                  20003320    000000a0     (.common:__TI_tmpnams)
                  200033c0    00000082     (.common:RxFifo0)
                  20003442    00000082     (.common:TxFifo0)
                  200034c4    00000008     (.common:Messageb)
                  200034cc    00000008     (.common:Messagec)
                  200034d4    00000008     (.common:parmbuf)
                  200034dc    00000004     (.common:ADCflag)
                  200034e0    00000004     (.common:I1)
                  200034e4    00000004     (.common:I2)
                  200034e8    00000004     (.common:I3)
                  200034ec    00000004     (.common:LPFSum)
                  200034f0    00000004     (.common:LPFSum2)
                  200034f4    00000004     (.common:LPFSum3)
                  200034f8    00000004     (.common:Messageindexb)
                  200034fc    00000004     (.common:Messageindexc)
                  20003500    00000004     (.common:Port4Task)
                  20003504    00000004     (.common:Size)
                  20003508    00000004     (.common:Size2)
                  2000350c    00000004     (.common:Size3)
                  20003510    00000004     (.common:TimerA1Task)
                  20003514    00000004     (.common:nc)
                  20003518    00000004     (.common:nl)
                  2000351c    00000004     (.common:nr)
                  20003520    00000002     (.common:Period0)
                  20003522    00000002     (.common:Period2)
                  20003524    00000001     (.common:CollisionData)
                  20003525    00000001     (.common:CollisionFlag)

.sysmem    0    20003528    00000400     UNINITIALIZED
                  20003528    00000008     rtsv7M4_T_le_v4SPD16_eabi.lib : memory.obj (.sysmem)
                  20003530    000003f8     --HOLE--

.data      0    20003928    00000230     UNINITIALIZED
                  20003928    000000f0     rtsv7M4_T_le_v4SPD16_eabi.lib : defs.obj (.data:_ftable)
                  20003a18    00000078                                   : write.obj (.data:_device)
                  20003a90    00000050                                   : write.obj (.data:_stream)
                  20003ae0    00000018     Clock.obj (.data)
                  20003af8    00000011     Lab5_UARTmain.obj (.data)
                  20003b09    00000003     --HOLE--
                  20003b0c    00000010     rtsv7M4_T_le_v4SPD16_eabi.lib : defs.obj (.data)
                  20003b1c    0000000c                                   : exit.obj (.data:$O1$$)
                  20003b28    0000000c                                   : memory.obj (.data:$O1$$)
                  20003b34    00000008                                   : _lock.obj (.data:$O1$$)
                  20003b3c    00000008     TA3InputCapture.obj (.data)
                  20003b44    00000004     rtsv7M4_T_le_v4SPD16_eabi.lib : add_device.obj (.data)
                  20003b48    00000004                                   : fopen.obj (.data)
                  20003b4c    00000004                                   : open.obj (.data)
                  20003b50    00000004                                   : stkdepth_vars.obj (.data)
                  20003b54    00000004     system_msp432p401r.obj (.data)

.stack     0    2000fe00    00000200     UNINITIALIZED
                  2000fe00    00000200     --HOLE--

MODULE SUMMARY

       Module                        code    ro data   rw data
       ------                        ----    -------   -------
    .\
       LPF.obj                       584     0         24648  
       Lab5_UARTmain.obj             3096    0         78     
       FIFO0.obj                     528     0         1544   
       UART0.obj                     1724    0         24     
       EUSCIA0.obj                   1466    0         24     
       system_msp432p401r.obj        812     0         8      
       Reflectance.obj               584     40        0      
       Motor.obj                     580     0         0      
       Clock.obj                     480     0         48     
       ADC14.obj                     356     0         0      
       TA3InputCapture.obj           260     0         16     
       IRDistance.obj                260     0         0      
       BumpInt.obj                   244     0         8      
       LaunchPad.obj                 244     0         0      
       startup_msp432p401r_ccs.obj   14      228       0      
       PWM.obj                       236     0         0      
       TimerA1.obj                   168     0         8      
       CortexM.obj                   36      0         0      
    +--+-----------------------------+-------+---------+---------+
       Total:                        11672   268       26406  
                                                              
    C:\ti\ccsv7\tools\compiler\ti-cgt-arm_16.9.6.LTS\lib\rtsv7M4_T_le_v4SPD16_eabi.lib
       memory.obj                    976     0         24     
       defs.obj                      0       0         832    
       trgmsg.obj                    104     0         576    
       fopen.obj                     452     0         8      
       write.obj                     40      0         400    
       fd_add_t2.obj                 438     0         0      
       fd_div_t2.obj                 310     0         0      
       fd_mul_t2.obj                 252     0         0      
       setvbuf.obj                   220     0         0      
       fflush.obj                    200     0         0      
       open.obj                      188     0         8      
       add_device.obj                184     0         8      
       memcpy_t2.obj                 156     0         0      
       fclose.obj                    152     0         0      
       memset_t2.obj                 122     0         0      
       autoinit.obj                  112     0         0      
       getdevice.obj                 112     0         0      
       hostopen.obj                  96      0         16     
       exit.obj                      84      0         24     
       copy_decompress_lzss.obj      104     0         0      
       hostlseek.obj                 104     0         0      
       hostrename.obj                104     0         0      
       close.obj                     92      0         0      
       hostread.obj                  88      0         0      
       hostwrite.obj                 88      0         0      
       boot.obj                      84      0         0      
       cpy_tbl.obj                   76      0         0      
       fd_tou_t2.obj                 68      0         0      
       hostclose.obj                 68      0         0      
       hostunlink.obj                68      0         0      
       strncpy.obj                   54      0         0      
       i_tofd_t2.obj                 46      0         0      
       unlink.obj                    44      0         0      
       _lock.obj                     20      0         16     
       args_main.obj                 24      0         0      
       strcmp.obj                    24      0         0      
       strchr.obj                    22      0         0      
       strcpy.obj                    20      0         0      
       strlen.obj                    20      0         0      
       copy_decompress_none.obj      14      0         0      
       copy_zero_init.obj            12      0         0      
       stkdepth_vars.obj             0       0         8      
       pre_init.obj                  4       0         0      
       mpu_init.obj                  2       0         0      
       startup.obj                   2       0         0      
    +--+-----------------------------+-------+---------+---------+
       Total:                        5450    0         1920   
                                                              
       Heap:                         0       0         2048   
       Stack:                        0       0         1024   
       Linker Generated:             0       165       0      
    +--+-----------------------------+-------+---------+---------+
       Grand Total:                  17122   433       31398  


LINKER GENERATED COPY TABLES

__TI_cinit_table @ 00004490 records: 2, size/record: 8, table size: 16
	.data: load addr=000043f8, load size=00000081 bytes, run addr=20003928, run size=00000230 bytes, compression=lzss
	.bss: load addr=00004488, load size=00000008 bytes, run addr=20000000, run size=00003526 bytes, compression=zero_init


LINKER GENERATED HANDLER TABLE

__TI_handler_table @ 0000447c records: 3, size/record: 4, table size: 12
	index: 0, handler: __TI_decompress_lzss
	index: 1, handler: __TI_decompress_none
	index: 2, handler: __TI_zero_init


GLOBAL SYMBOLS: SORTED ALPHABETICALLY BY Name 

address   name                           
-------   ----                           
00002eb1  ADC0_InitSWTriggerCh12         
00002f21  ADC0_InitSWTriggerCh17_12_16   
000043bb  ADC14_IRQHandler               
00002f01  ADC_In12                       
00002f91  ADC_In17_12_16                 
200034dc  ADCflag                        
000043bb  AES256_IRQHandler              
00003451  BumpInt_Init                   
000034cf  Bump_Read                      
000043bb  BusFault_Handler               
000040d5  C$$EXIT                        
00003edb  C$$IO$$                        
000043bb  COMP_E0_IRQHandler             
000043bb  COMP_E1_IRQHandler             
20003ae8  CPMwait                        
000043bb  CS_IRQHandler                  
20003b3c  CaptureTask0                   
20003b40  CaptureTask2                   
000031bf  CenterConvert                  
20003ae0  ClockFrequency                 
00002aa9  Clock_Delay1ms                 
00002a7f  Clock_Delay1us                 
00002a6b  Clock_GetFreq                  
00002955  Clock_Init48MHz                
20003524  CollisionData                  
20003525  CollisionFlag                  
20003af4  Crystalstable                  
000043bb  DMA_ERR_IRQHandler             
000043bb  DMA_INT0_IRQHandler            
000043bb  DMA_INT1_IRQHandler            
000043bb  DMA_INT2_IRQHandler            
000043bb  DMA_INT3_IRQHandler            
000043bb  DebugMon_Handler               
000043bb  Default_Handler                
000042f9  DisableInterrupts              
20003afc  Done0                          
20003b04  Done2                          
0000144b  EUSCIA0_IRQHandler             
0000144b  EUSCIA0_IRQHandler             
0000141f  EUSCIA0_InChar                 
000018e9  EUSCIA0_InString               
0000149f  EUSCIA0_InUDec                 
0000179d  EUSCIA0_InUHex                 
000013b9  EUSCIA0_Init                   
00001431  EUSCIA0_OutChar                
00001481  EUSCIA0_OutString              
00001523  EUSCIA0_OutUDec                
000016b5  EUSCIA0_OutUDec4               
000016ed  EUSCIA0_OutUDec5               
00001729  EUSCIA0_OutUFix1               
00001751  EUSCIA0_OutUFix2               
00001865  EUSCIA0_OutUHex                
000018cb  EUSCIA0_OutUHex2               
000018a9  EUSCIA0outnibble               
000043bb  EUSCIA1_IRQHandler             
000043bb  EUSCIA2_IRQHandler             
000043bb  EUSCIA3_IRQHandler             
000043bb  EUSCIB0_IRQHandler             
000043bb  EUSCIB1_IRQHandler             
000043bb  EUSCIB2_IRQHandler             
000043bb  EUSCIB3_IRQHandler             
000042ff  EnableInterrupts               
0000430f  EndCritical                    
000043bb  FLCTL_IRQHandler               
000043bb  FPU_IRQHandler                 
20003afa  First0                         
20003b00  First2                         
000041b9  HOSTclose                      
00003ddd  HOSTlseek                      
00003f15  HOSTopen                       
00003fd1  HOSTread                       
00003e45  HOSTrename                     
000041fd  HOSTunlink                     
00004029  HOSTwrite                      
000002eb  HandleCollision                
000043bb  HardFault_Handler              
200034e0  I1                             
200034e4  I2                             
200034e8  I3                             
20003af0  IFlags                         
0000035f  IRSensor_Init                  
200034ec  LPFSum                         
200034f0  LPFSum2                        
200034f4  LPFSum3                        
000020cf  LPF_Calc                       
00002181  LPF_Calc2                      
00002233  LPF_Calc3                      
00002071  LPF_Init                       
00002123  LPF_Init2                      
000021d5  LPF_Init3                      
00003545  LaunchPad_Init                 
000035b5  LaunchPad_Input                
000035cf  LaunchPad_LED                  
000035ed  LaunchPad_Output               
0000314d  LeftConvert                    
000043bb  MemManage_Handler              
200034c4  Messageb                       
200034cc  Messagec                       
200034f8  Messageindexb                  
200034fc  Messageindexc                  
000000e5  MotorTest                      
00002679  Motor_Backward                 
000025d5  Motor_Forward                  
00002501  Motor_Init                     
0000263f  Motor_Left                     
00002605  Motor_Right                    
000025b1  Motor_Stop                     
000043bb  NMI_Handler                    
000043bb  PCM_IRQHandler                 
000043bb  PORT1_IRQHandler               
000043bb  PORT2_IRQHandler               
000043bb  PORT3_IRQHandler               
00003507  PORT4_IRQHandler               
00003507  PORT4_IRQHandler               
000043bb  PORT5_IRQHandler               
000043bb  PORT6_IRQHandler               
000043bb  PSS_IRQHandler                 
000036bd  PWM_Duty3                      
000036dd  PWM_Duty4                      
00003639  PWM_Init34                     
000043bb  PendSV_Handler                 
20003520  Period0                        
20003522  Period2                        
000003ab  PeriodMeasure0                 
000003d9  PeriodMeasure2                 
20003500  Port4Task                      
000022c9  Port5_Init                     
0000231d  Port7_Init                     
00002349  Port7_InitToInput              
00002333  Port7_Output_ChargeCap         
000022f3  Port9_Init                     
20003aec  Postwait                       
20003ae4  Prewait                        
00000407  RSLK_Reset                     
000043bb  RTC_C_IRQHandler               
000023a7  Reflectance_Center             
00002499  Reflectance_End                
000022b9  Reflectance_Init               
000023fb  Reflectance_Position           
00002355  Reflectance_Read               
00002473  Reflectance_Start              
000043af  Reset_Handler                  
000031ef  RightConvert                   
200033c0  RxFifo0                        
000028bf  RxFifo0_Get                    
00002865  RxFifo0_Init                   
00002871  RxFifo0_Put                    
000028fd  RxFifo0_Size                   
UNDEFED   SHT$$INIT_ARRAY$$Base          
UNDEFED   SHT$$INIT_ARRAY$$Limit         
000043bb  SVC_Handler                    
0000030f  SensorRead_ISR                 
20003504  Size                           
20003508  Size2                          
2000350c  Size3                          
00004305  StartCritical                  
00000295  SysTick_Handler                
00000295  SysTick_Handler                
20003b54  SystemCoreClock                
00001d45  SystemCoreClockUpdate          
00001fb9  SystemInit                     
000043bb  T32_INT1_IRQHandler            
000043bb  T32_INT2_IRQHandler            
000043bb  T32_INTC_IRQHandler            
000043bb  TA0_0_IRQHandler               
000043bb  TA0_N_IRQHandler               
00003aaf  TA1_0_IRQHandler               
00003aaf  TA1_0_IRQHandler               
000043bb  TA1_N_IRQHandler               
000043bb  TA2_0_IRQHandler               
000043bb  TA2_N_IRQHandler               
000032e3  TA3_0_IRQHandler               
000032e3  TA3_0_IRQHandler               
000032fd  TA3_N_IRQHandler               
000032fd  TA3_N_IRQHandler               
000002cb  TimedPause                     
20003510  TimerA1Task                    
00003a3d  TimerA1_Init                   
00003a9b  TimerA1_Stop                   
0000325d  TimerA3Capture_Init            
20003442  TxFifo0                        
000027d1  TxFifo0_Get                    
00002745  TxFifo0_Init                   
00002777  TxFifo0_Put                    
0000280f  TxFifo0_Size                   
20003000  TxHistogram                    
00000d43  UART0_InChar                   
000011cd  UART0_InString                 
00000d8d  UART0_InUDec                   
00001081  UART0_InUHex                   
00000cfd  UART0_Init                     
0000132d  UART0_Initprintf               
00000d53  UART0_OutChar                  
00000d6f  UART0_OutString                
00000e11  UART0_OutUDec                  
00000f7d  UART0_OutUDec4                 
00000fd1  UART0_OutUDec5                 
0000100d  UART0_OutUFix1                 
00001035  UART0_OutUFix2                 
00001145  UART0_OutUHex                  
000011b1  UART0_OutUHex2                 
000043bb  UsageFault_Handler             
4000480c  WDTCTL_SYM                     
000043bb  WDT_A_IRQHandler               
00004317  WaitForInterrupt               
20003200  __CIOBUF_                      
20010000  __STACK_END                    
00000200  __STACK_SIZE                   
00000400  __SYSMEM_SIZE                  
00004490  __TI_CINIT_Base                
000044a0  __TI_CINIT_Limit               
0000447c  __TI_Handler_Table_Base        
00004488  __TI_Handler_Table_Limit       
00003c95  __TI_auto_init                 
00002bfd  __TI_cleanup                   
20003b1c  __TI_cleanup_ptr               
00003b81  __TI_closefile                 
00003d75  __TI_decompress_lzss           
000043a1  __TI_decompress_none           
00003801  __TI_doflush                   
20003b20  __TI_dtors_ptr                 
20003b24  __TI_enable_exit_profile_output
20003b0c  __TI_ft_end                    
ffffffff  __TI_pprof_out_hndl            
ffffffff  __TI_prof_data_size            
ffffffff  __TI_prof_data_start           
00003edf  __TI_readmsg                   
00000000  __TI_static_base__             
20003320  __TI_tmpnams                   
00003ead  __TI_writemsg                  
000043bd  __TI_zero_init                 
00004175  __aeabi_d2uiz                  
00002d03  __aeabi_dadd                   
00003015  __aeabi_ddiv                   
00003355  __aeabi_dmul                   
00002cf9  __aeabi_dsub                   
00004277  __aeabi_i2d                    
00003c19  __aeabi_memclr                 
00003c19  __aeabi_memclr4                
00003c19  __aeabi_memclr8                
00003ae5  __aeabi_memcpy                 
00003ae5  __aeabi_memcpy4                
00003ae5  __aeabi_memcpy8                
00003c1b  __aeabi_memset                 
00003c1b  __aeabi_memset4                
00003c1b  __aeabi_memset8                
20003b18  __aeabi_stderr                 
20003b10  __aeabi_stdin                  
20003b14  __aeabi_stdout                 
ffffffff  __binit__                      
ffffffff  __c_args__                     
00001973  __mpu_init                     
2000fe00  __stack                        
0000431d  _args_main                     
00004081  _c_int00                       
20003a18  _device                        
20003928  _ftable                        
20003b34  _lock                          
00004373  _nop                           
0000436b  _register_lock                 
00004365  _register_unlock               
20003a90  _stream                        
20003528  _sys_memory                    
00002eaf  _system_post_cinit             
000043c9  _system_pre_init               
20003b38  _unlock                        
000040d9  abort                          
00003985  add_device                     
ffffffff  binit                          
20003af8  bumpData                       
00001d15  calloc                         
00003f75  close                          
00004129  copy_in                        
00002a71  delay                          
000040e1  exit                           
00003be7  fclose                         
00001267  ferror                         
0000384d  fflush                         
00001247  fgetc                          
00003d05  finddevice                     
00002c53  fopen                          
00001a5f  free                           
00002c29  freopen                        
00003d2f  getdevice                      
00000000  interruptVectors               
00000505  main                           
20003b50  main_func_sp                   
000019f5  malloc                         
00001c29  memalign                       
00003ae5  memcpy                         
00003c21  memset                         
00001975  minit                          
20003514  nc                             
20003518  nl                             
2000351c  nr                             
000038c9  open                           
00001189  outnibble                      
200034d4  parmbuf                        
00001b1f  realloc                        
000042a5  remove                         
00003725  setvbuf                        
000026a9  speedChange                    
0000434d  strchr                         
00004335  strcmp                         
00004379  strcpy                         
0000438d  strlen                         
00004241  strncpy                        
00003251  ta3dummy                       
00001285  uart_close                     
00001303  uart_lseek                     
00001275  uart_open                      
00001297  uart_read                      
0000131f  uart_rename                    
00001313  uart_unlink                    
000012c1  uart_write                     
000042a5  unlink                         
000042d1  write                          
20000000  x                              
20001000  x2                             
20002000  x3                             


GLOBAL SYMBOLS: SORTED BY Symbol Address 

address   name                           
-------   ----                           
00000000  __TI_static_base__             
00000000  interruptVectors               
000000e5  MotorTest                      
00000200  __STACK_SIZE                   
00000295  SysTick_Handler                
00000295  SysTick_Handler                
000002cb  TimedPause                     
000002eb  HandleCollision                
0000030f  SensorRead_ISR                 
0000035f  IRSensor_Init                  
000003ab  PeriodMeasure0                 
000003d9  PeriodMeasure2                 
00000400  __SYSMEM_SIZE                  
00000407  RSLK_Reset                     
00000505  main                           
00000cfd  UART0_Init                     
00000d43  UART0_InChar                   
00000d53  UART0_OutChar                  
00000d6f  UART0_OutString                
00000d8d  UART0_InUDec                   
00000e11  UART0_OutUDec                  
00000f7d  UART0_OutUDec4                 
00000fd1  UART0_OutUDec5                 
0000100d  UART0_OutUFix1                 
00001035  UART0_OutUFix2                 
00001081  UART0_InUHex                   
00001145  UART0_OutUHex                  
00001189  outnibble                      
000011b1  UART0_OutUHex2                 
000011cd  UART0_InString                 
00001247  fgetc                          
00001267  ferror                         
00001275  uart_open                      
00001285  uart_close                     
00001297  uart_read                      
000012c1  uart_write                     
00001303  uart_lseek                     
00001313  uart_unlink                    
0000131f  uart_rename                    
0000132d  UART0_Initprintf               
000013b9  EUSCIA0_Init                   
0000141f  EUSCIA0_InChar                 
00001431  EUSCIA0_OutChar                
0000144b  EUSCIA0_IRQHandler             
0000144b  EUSCIA0_IRQHandler             
00001481  EUSCIA0_OutString              
0000149f  EUSCIA0_InUDec                 
00001523  EUSCIA0_OutUDec                
000016b5  EUSCIA0_OutUDec4               
000016ed  EUSCIA0_OutUDec5               
00001729  EUSCIA0_OutUFix1               
00001751  EUSCIA0_OutUFix2               
0000179d  EUSCIA0_InUHex                 
00001865  EUSCIA0_OutUHex                
000018a9  EUSCIA0outnibble               
000018cb  EUSCIA0_OutUHex2               
000018e9  EUSCIA0_InString               
00001973  __mpu_init                     
00001975  minit                          
000019f5  malloc                         
00001a5f  free                           
00001b1f  realloc                        
00001c29  memalign                       
00001d15  calloc                         
00001d45  SystemCoreClockUpdate          
00001fb9  SystemInit                     
00002071  LPF_Init                       
000020cf  LPF_Calc                       
00002123  LPF_Init2                      
00002181  LPF_Calc2                      
000021d5  LPF_Init3                      
00002233  LPF_Calc3                      
000022b9  Reflectance_Init               
000022c9  Port5_Init                     
000022f3  Port9_Init                     
0000231d  Port7_Init                     
00002333  Port7_Output_ChargeCap         
00002349  Port7_InitToInput              
00002355  Reflectance_Read               
000023a7  Reflectance_Center             
000023fb  Reflectance_Position           
00002473  Reflectance_Start              
00002499  Reflectance_End                
00002501  Motor_Init                     
000025b1  Motor_Stop                     
000025d5  Motor_Forward                  
00002605  Motor_Right                    
0000263f  Motor_Left                     
00002679  Motor_Backward                 
000026a9  speedChange                    
00002745  TxFifo0_Init                   
00002777  TxFifo0_Put                    
000027d1  TxFifo0_Get                    
0000280f  TxFifo0_Size                   
00002865  RxFifo0_Init                   
00002871  RxFifo0_Put                    
000028bf  RxFifo0_Get                    
000028fd  RxFifo0_Size                   
00002955  Clock_Init48MHz                
00002a6b  Clock_GetFreq                  
00002a71  delay                          
00002a7f  Clock_Delay1us                 
00002aa9  Clock_Delay1ms                 
00002bfd  __TI_cleanup                   
00002c29  freopen                        
00002c53  fopen                          
00002cf9  __aeabi_dsub                   
00002d03  __aeabi_dadd                   
00002eaf  _system_post_cinit             
00002eb1  ADC0_InitSWTriggerCh12         
00002f01  ADC_In12                       
00002f21  ADC0_InitSWTriggerCh17_12_16   
00002f91  ADC_In17_12_16                 
00003015  __aeabi_ddiv                   
0000314d  LeftConvert                    
000031bf  CenterConvert                  
000031ef  RightConvert                   
00003251  ta3dummy                       
0000325d  TimerA3Capture_Init            
000032e3  TA3_0_IRQHandler               
000032e3  TA3_0_IRQHandler               
000032fd  TA3_N_IRQHandler               
000032fd  TA3_N_IRQHandler               
00003355  __aeabi_dmul                   
00003451  BumpInt_Init                   
000034cf  Bump_Read                      
00003507  PORT4_IRQHandler               
00003507  PORT4_IRQHandler               
00003545  LaunchPad_Init                 
000035b5  LaunchPad_Input                
000035cf  LaunchPad_LED                  
000035ed  LaunchPad_Output               
00003639  PWM_Init34                     
000036bd  PWM_Duty3                      
000036dd  PWM_Duty4                      
00003725  setvbuf                        
00003801  __TI_doflush                   
0000384d  fflush                         
000038c9  open                           
00003985  add_device                     
00003a3d  TimerA1_Init                   
00003a9b  TimerA1_Stop                   
00003aaf  TA1_0_IRQHandler               
00003aaf  TA1_0_IRQHandler               
00003ae5  __aeabi_memcpy                 
00003ae5  __aeabi_memcpy4                
00003ae5  __aeabi_memcpy8                
00003ae5  memcpy                         
00003b81  __TI_closefile                 
00003be7  fclose                         
00003c19  __aeabi_memclr                 
00003c19  __aeabi_memclr4                
00003c19  __aeabi_memclr8                
00003c1b  __aeabi_memset                 
00003c1b  __aeabi_memset4                
00003c1b  __aeabi_memset8                
00003c21  memset                         
00003c95  __TI_auto_init                 
00003d05  finddevice                     
00003d2f  getdevice                      
00003d75  __TI_decompress_lzss           
00003ddd  HOSTlseek                      
00003e45  HOSTrename                     
00003ead  __TI_writemsg                  
00003edb  C$$IO$$                        
00003edf  __TI_readmsg                   
00003f15  HOSTopen                       
00003f75  close                          
00003fd1  HOSTread                       
00004029  HOSTwrite                      
00004081  _c_int00                       
000040d5  C$$EXIT                        
000040d9  abort                          
000040e1  exit                           
00004129  copy_in                        
00004175  __aeabi_d2uiz                  
000041b9  HOSTclose                      
000041fd  HOSTunlink                     
00004241  strncpy                        
00004277  __aeabi_i2d                    
000042a5  remove                         
000042a5  unlink                         
000042d1  write                          
000042f9  DisableInterrupts              
000042ff  EnableInterrupts               
00004305  StartCritical                  
0000430f  EndCritical                    
00004317  WaitForInterrupt               
0000431d  _args_main                     
00004335  strcmp                         
0000434d  strchr                         
00004365  _register_unlock               
0000436b  _register_lock                 
00004373  _nop                           
00004379  strcpy                         
0000438d  strlen                         
000043a1  __TI_decompress_none           
000043af  Reset_Handler                  
000043bb  ADC14_IRQHandler               
000043bb  AES256_IRQHandler              
000043bb  BusFault_Handler               
000043bb  COMP_E0_IRQHandler             
000043bb  COMP_E1_IRQHandler             
000043bb  CS_IRQHandler                  
000043bb  DMA_ERR_IRQHandler             
000043bb  DMA_INT0_IRQHandler            
000043bb  DMA_INT1_IRQHandler            
000043bb  DMA_INT2_IRQHandler            
000043bb  DMA_INT3_IRQHandler            
000043bb  DebugMon_Handler               
000043bb  Default_Handler                
000043bb  EUSCIA1_IRQHandler             
000043bb  EUSCIA2_IRQHandler             
000043bb  EUSCIA3_IRQHandler             
000043bb  EUSCIB0_IRQHandler             
000043bb  EUSCIB1_IRQHandler             
000043bb  EUSCIB2_IRQHandler             
000043bb  EUSCIB3_IRQHandler             
000043bb  FLCTL_IRQHandler               
000043bb  FPU_IRQHandler                 
000043bb  HardFault_Handler              
000043bb  MemManage_Handler              
000043bb  NMI_Handler                    
000043bb  PCM_IRQHandler                 
000043bb  PORT1_IRQHandler               
000043bb  PORT2_IRQHandler               
000043bb  PORT3_IRQHandler               
000043bb  PORT5_IRQHandler               
000043bb  PORT6_IRQHandler               
000043bb  PSS_IRQHandler                 
000043bb  PendSV_Handler                 
000043bb  RTC_C_IRQHandler               
000043bb  SVC_Handler                    
000043bb  T32_INT1_IRQHandler            
000043bb  T32_INT2_IRQHandler            
000043bb  T32_INTC_IRQHandler            
000043bb  TA0_0_IRQHandler               
000043bb  TA0_N_IRQHandler               
000043bb  TA1_N_IRQHandler               
000043bb  TA2_0_IRQHandler               
000043bb  TA2_N_IRQHandler               
000043bb  UsageFault_Handler             
000043bb  WDT_A_IRQHandler               
000043bd  __TI_zero_init                 
000043c9  _system_pre_init               
0000447c  __TI_Handler_Table_Base        
00004488  __TI_Handler_Table_Limit       
00004490  __TI_CINIT_Base                
000044a0  __TI_CINIT_Limit               
20000000  x                              
20001000  x2                             
20002000  x3                             
20003000  TxHistogram                    
20003200  __CIOBUF_                      
20003320  __TI_tmpnams                   
200033c0  RxFifo0                        
20003442  TxFifo0                        
200034c4  Messageb                       
200034cc  Messagec                       
200034d4  parmbuf                        
200034dc  ADCflag                        
200034e0  I1                             
200034e4  I2                             
200034e8  I3                             
200034ec  LPFSum                         
200034f0  LPFSum2                        
200034f4  LPFSum3                        
200034f8  Messageindexb                  
200034fc  Messageindexc                  
20003500  Port4Task                      
20003504  Size                           
20003508  Size2                          
2000350c  Size3                          
20003510  TimerA1Task                    
20003514  nc                             
20003518  nl                             
2000351c  nr                             
20003520  Period0                        
20003522  Period2                        
20003524  CollisionData                  
20003525  CollisionFlag                  
20003528  _sys_memory                    
20003928  _ftable                        
20003a18  _device                        
20003a90  _stream                        
20003ae0  ClockFrequency                 
20003ae4  Prewait                        
20003ae8  CPMwait                        
20003aec  Postwait                       
20003af0  IFlags                         
20003af4  Crystalstable                  
20003af8  bumpData                       
20003afa  First0                         
20003afc  Done0                          
20003b00  First2                         
20003b04  Done2                          
20003b0c  __TI_ft_end                    
20003b10  __aeabi_stdin                  
20003b14  __aeabi_stdout                 
20003b18  __aeabi_stderr                 
20003b1c  __TI_cleanup_ptr               
20003b20  __TI_dtors_ptr                 
20003b24  __TI_enable_exit_profile_output
20003b34  _lock                          
20003b38  _unlock                        
20003b3c  CaptureTask0                   
20003b40  CaptureTask2                   
20003b50  main_func_sp                   
20003b54  SystemCoreClock                
2000fe00  __stack                        
20010000  __STACK_END                    
4000480c  WDTCTL_SYM                     
ffffffff  __TI_pprof_out_hndl            
ffffffff  __TI_prof_data_size            
ffffffff  __TI_prof_data_start           
ffffffff  __binit__                      
ffffffff  __c_args__                     
ffffffff  binit                          
UNDEFED   SHT$$INIT_ARRAY$$Base          
UNDEFED   SHT$$INIT_ARRAY$$Limit         

[320 symbols]
