<?xml version="1.0"?>
<link_info>
   <banner>TI ARM Linker PC v16.9.6.LTS</banner>
   <copyright>Copyright (c) 1996-2017 Texas Instruments Incorporated</copyright>
   <link_time>0x6540a565</link_time>
   <link_errors>0x0</link_errors>
   <output_file>Lab5_UARTComms.out</output_file>
   <entry_point>
      <name>_c_int00</name>
      <address>0x4081</address>
   </entry_point>
   <input_file_list>
      <input_file id="fl-2">
         <path>.\</path>
         <kind>object</kind>
         <file>ADC14.obj</file>
         <name>ADC14.obj</name>
      </input_file>
      <input_file id="fl-3">
         <path>.\</path>
         <kind>object</kind>
         <file>BumpInt.obj</file>
         <name>BumpInt.obj</name>
      </input_file>
      <input_file id="fl-4">
         <path>.\</path>
         <kind>object</kind>
         <file>Clock.obj</file>
         <name>Clock.obj</name>
      </input_file>
      <input_file id="fl-5">
         <path>.\</path>
         <kind>object</kind>
         <file>CortexM.obj</file>
         <name>CortexM.obj</name>
      </input_file>
      <input_file id="fl-6">
         <path>.\</path>
         <kind>object</kind>
         <file>EUSCIA0.obj</file>
         <name>EUSCIA0.obj</name>
      </input_file>
      <input_file id="fl-7">
         <path>.\</path>
         <kind>object</kind>
         <file>FIFO0.obj</file>
         <name>FIFO0.obj</name>
      </input_file>
      <input_file id="fl-8">
         <path>.\</path>
         <kind>object</kind>
         <file>IRDistance.obj</file>
         <name>IRDistance.obj</name>
      </input_file>
      <input_file id="fl-9">
         <path>.\</path>
         <kind>object</kind>
         <file>LPF.obj</file>
         <name>LPF.obj</name>
      </input_file>
      <input_file id="fl-a">
         <path>.\</path>
         <kind>object</kind>
         <file>Lab5_UARTmain.obj</file>
         <name>Lab5_UARTmain.obj</name>
      </input_file>
      <input_file id="fl-b">
         <path>.\</path>
         <kind>object</kind>
         <file>LaunchPad.obj</file>
         <name>LaunchPad.obj</name>
      </input_file>
      <input_file id="fl-c">
         <path>.\</path>
         <kind>object</kind>
         <file>Motor.obj</file>
         <name>Motor.obj</name>
      </input_file>
      <input_file id="fl-d">
         <path>.\</path>
         <kind>object</kind>
         <file>PWM.obj</file>
         <name>PWM.obj</name>
      </input_file>
      <input_file id="fl-e">
         <path>.\</path>
         <kind>object</kind>
         <file>Reflectance.obj</file>
         <name>Reflectance.obj</name>
      </input_file>
      <input_file id="fl-f">
         <path>.\</path>
         <kind>object</kind>
         <file>SysTickInts.obj</file>
         <name>SysTickInts.obj</name>
      </input_file>
      <input_file id="fl-10">
         <path>.\</path>
         <kind>object</kind>
         <file>TA3InputCapture.obj</file>
         <name>TA3InputCapture.obj</name>
      </input_file>
      <input_file id="fl-11">
         <path>.\</path>
         <kind>object</kind>
         <file>TimerA1.obj</file>
         <name>TimerA1.obj</name>
      </input_file>
      <input_file id="fl-12">
         <path>.\</path>
         <kind>object</kind>
         <file>UART0.obj</file>
         <name>UART0.obj</name>
      </input_file>
      <input_file id="fl-13">
         <path>.\</path>
         <kind>object</kind>
         <file>startup_msp432p401r_ccs.obj</file>
         <name>startup_msp432p401r_ccs.obj</name>
      </input_file>
      <input_file id="fl-14">
         <path>.\</path>
         <kind>object</kind>
         <file>system_msp432p401r.obj</file>
         <name>system_msp432p401r.obj</name>
      </input_file>
      <input_file id="fl-18">
         <kind>object</kind>
         <file>&lt;internal&gt;</file>
         <name>&lt;internal&gt;</name>
      </input_file>
      <input_file id="fl-ce">
         <path>C:\ti\ccsv7\tools\compiler\ti-cgt-arm_16.9.6.LTS\lib\</path>
         <kind>archive</kind>
         <file>rtsv7M4_T_le_v4SPD16_eabi.lib</file>
         <name>add_device.obj</name>
      </input_file>
      <input_file id="fl-cf">
         <path>C:\ti\ccsv7\tools\compiler\ti-cgt-arm_16.9.6.LTS\lib\</path>
         <kind>archive</kind>
         <file>rtsv7M4_T_le_v4SPD16_eabi.lib</file>
         <name>boot.obj</name>
      </input_file>
      <input_file id="fl-d0">
         <path>C:\ti\ccsv7\tools\compiler\ti-cgt-arm_16.9.6.LTS\lib\</path>
         <kind>archive</kind>
         <file>rtsv7M4_T_le_v4SPD16_eabi.lib</file>
         <name>copy_decompress_lzss.obj</name>
      </input_file>
      <input_file id="fl-d1">
         <path>C:\ti\ccsv7\tools\compiler\ti-cgt-arm_16.9.6.LTS\lib\</path>
         <kind>archive</kind>
         <file>rtsv7M4_T_le_v4SPD16_eabi.lib</file>
         <name>copy_decompress_none.obj</name>
      </input_file>
      <input_file id="fl-d2">
         <path>C:\ti\ccsv7\tools\compiler\ti-cgt-arm_16.9.6.LTS\lib\</path>
         <kind>archive</kind>
         <file>rtsv7M4_T_le_v4SPD16_eabi.lib</file>
         <name>copy_zero_init.obj</name>
      </input_file>
      <input_file id="fl-d3">
         <path>C:\ti\ccsv7\tools\compiler\ti-cgt-arm_16.9.6.LTS\lib\</path>
         <kind>archive</kind>
         <file>rtsv7M4_T_le_v4SPD16_eabi.lib</file>
         <name>defs.obj</name>
      </input_file>
      <input_file id="fl-d4">
         <path>C:\ti\ccsv7\tools\compiler\ti-cgt-arm_16.9.6.LTS\lib\</path>
         <kind>archive</kind>
         <file>rtsv7M4_T_le_v4SPD16_eabi.lib</file>
         <name>exit.obj</name>
      </input_file>
      <input_file id="fl-d5">
         <path>C:\ti\ccsv7\tools\compiler\ti-cgt-arm_16.9.6.LTS\lib\</path>
         <kind>archive</kind>
         <file>rtsv7M4_T_le_v4SPD16_eabi.lib</file>
         <name>fd_add_t2.obj</name>
      </input_file>
      <input_file id="fl-d6">
         <path>C:\ti\ccsv7\tools\compiler\ti-cgt-arm_16.9.6.LTS\lib\</path>
         <kind>archive</kind>
         <file>rtsv7M4_T_le_v4SPD16_eabi.lib</file>
         <name>fd_div_t2.obj</name>
      </input_file>
      <input_file id="fl-d7">
         <path>C:\ti\ccsv7\tools\compiler\ti-cgt-arm_16.9.6.LTS\lib\</path>
         <kind>archive</kind>
         <file>rtsv7M4_T_le_v4SPD16_eabi.lib</file>
         <name>fd_mul_t2.obj</name>
      </input_file>
      <input_file id="fl-d8">
         <path>C:\ti\ccsv7\tools\compiler\ti-cgt-arm_16.9.6.LTS\lib\</path>
         <kind>archive</kind>
         <file>rtsv7M4_T_le_v4SPD16_eabi.lib</file>
         <name>fd_tou_t2.obj</name>
      </input_file>
      <input_file id="fl-d9">
         <path>C:\ti\ccsv7\tools\compiler\ti-cgt-arm_16.9.6.LTS\lib\</path>
         <kind>archive</kind>
         <file>rtsv7M4_T_le_v4SPD16_eabi.lib</file>
         <name>fopen.obj</name>
      </input_file>
      <input_file id="fl-da">
         <path>C:\ti\ccsv7\tools\compiler\ti-cgt-arm_16.9.6.LTS\lib\</path>
         <kind>archive</kind>
         <file>rtsv7M4_T_le_v4SPD16_eabi.lib</file>
         <name>getdevice.obj</name>
      </input_file>
      <input_file id="fl-db">
         <path>C:\ti\ccsv7\tools\compiler\ti-cgt-arm_16.9.6.LTS\lib\</path>
         <kind>archive</kind>
         <file>rtsv7M4_T_le_v4SPD16_eabi.lib</file>
         <name>i_tofd_t2.obj</name>
      </input_file>
      <input_file id="fl-dc">
         <path>C:\ti\ccsv7\tools\compiler\ti-cgt-arm_16.9.6.LTS\lib\</path>
         <kind>archive</kind>
         <file>rtsv7M4_T_le_v4SPD16_eabi.lib</file>
         <name>memcpy_t2.obj</name>
      </input_file>
      <input_file id="fl-dd">
         <path>C:\ti\ccsv7\tools\compiler\ti-cgt-arm_16.9.6.LTS\lib\</path>
         <kind>archive</kind>
         <file>rtsv7M4_T_le_v4SPD16_eabi.lib</file>
         <name>memset_t2.obj</name>
      </input_file>
      <input_file id="fl-de">
         <path>C:\ti\ccsv7\tools\compiler\ti-cgt-arm_16.9.6.LTS\lib\</path>
         <kind>archive</kind>
         <file>rtsv7M4_T_le_v4SPD16_eabi.lib</file>
         <name>mpu_init.obj</name>
      </input_file>
      <input_file id="fl-df">
         <path>C:\ti\ccsv7\tools\compiler\ti-cgt-arm_16.9.6.LTS\lib\</path>
         <kind>archive</kind>
         <file>rtsv7M4_T_le_v4SPD16_eabi.lib</file>
         <name>open.obj</name>
      </input_file>
      <input_file id="fl-e0">
         <path>C:\ti\ccsv7\tools\compiler\ti-cgt-arm_16.9.6.LTS\lib\</path>
         <kind>archive</kind>
         <file>rtsv7M4_T_le_v4SPD16_eabi.lib</file>
         <name>pre_init.obj</name>
      </input_file>
      <input_file id="fl-e1">
         <path>C:\ti\ccsv7\tools\compiler\ti-cgt-arm_16.9.6.LTS\lib\</path>
         <kind>archive</kind>
         <file>rtsv7M4_T_le_v4SPD16_eabi.lib</file>
         <name>setvbuf.obj</name>
      </input_file>
      <input_file id="fl-e2">
         <path>C:\ti\ccsv7\tools\compiler\ti-cgt-arm_16.9.6.LTS\lib\</path>
         <kind>archive</kind>
         <file>rtsv7M4_T_le_v4SPD16_eabi.lib</file>
         <name>stkdepth_vars.obj</name>
      </input_file>
      <input_file id="fl-e3">
         <path>C:\ti\ccsv7\tools\compiler\ti-cgt-arm_16.9.6.LTS\lib\</path>
         <kind>archive</kind>
         <file>rtsv7M4_T_le_v4SPD16_eabi.lib</file>
         <name>strchr.obj</name>
      </input_file>
      <input_file id="fl-e4">
         <path>C:\ti\ccsv7\tools\compiler\ti-cgt-arm_16.9.6.LTS\lib\</path>
         <kind>archive</kind>
         <file>rtsv7M4_T_le_v4SPD16_eabi.lib</file>
         <name>strcmp.obj</name>
      </input_file>
      <input_file id="fl-e5">
         <path>C:\ti\ccsv7\tools\compiler\ti-cgt-arm_16.9.6.LTS\lib\</path>
         <kind>archive</kind>
         <file>rtsv7M4_T_le_v4SPD16_eabi.lib</file>
         <name>strncpy.obj</name>
      </input_file>
      <input_file id="fl-e6">
         <path>C:\ti\ccsv7\tools\compiler\ti-cgt-arm_16.9.6.LTS\lib\</path>
         <kind>archive</kind>
         <file>rtsv7M4_T_le_v4SPD16_eabi.lib</file>
         <name>write.obj</name>
      </input_file>
      <input_file id="fl-e7">
         <path>C:\ti\ccsv7\tools\compiler\ti-cgt-arm_16.9.6.LTS\lib\</path>
         <kind>archive</kind>
         <file>rtsv7M4_T_le_v4SPD16_eabi.lib</file>
         <name>_lock.obj</name>
      </input_file>
      <input_file id="fl-e8">
         <path>C:\ti\ccsv7\tools\compiler\ti-cgt-arm_16.9.6.LTS\lib\</path>
         <kind>archive</kind>
         <file>rtsv7M4_T_le_v4SPD16_eabi.lib</file>
         <name>args_main.obj</name>
      </input_file>
      <input_file id="fl-e9">
         <path>C:\ti\ccsv7\tools\compiler\ti-cgt-arm_16.9.6.LTS\lib\</path>
         <kind>archive</kind>
         <file>rtsv7M4_T_le_v4SPD16_eabi.lib</file>
         <name>autoinit.obj</name>
      </input_file>
      <input_file id="fl-ea">
         <path>C:\ti\ccsv7\tools\compiler\ti-cgt-arm_16.9.6.LTS\lib\</path>
         <kind>archive</kind>
         <file>rtsv7M4_T_le_v4SPD16_eabi.lib</file>
         <name>cpy_tbl.obj</name>
      </input_file>
      <input_file id="fl-eb">
         <path>C:\ti\ccsv7\tools\compiler\ti-cgt-arm_16.9.6.LTS\lib\</path>
         <kind>archive</kind>
         <file>rtsv7M4_T_le_v4SPD16_eabi.lib</file>
         <name>fclose.obj</name>
      </input_file>
      <input_file id="fl-ec">
         <path>C:\ti\ccsv7\tools\compiler\ti-cgt-arm_16.9.6.LTS\lib\</path>
         <kind>archive</kind>
         <file>rtsv7M4_T_le_v4SPD16_eabi.lib</file>
         <name>fflush.obj</name>
      </input_file>
      <input_file id="fl-ed">
         <path>C:\ti\ccsv7\tools\compiler\ti-cgt-arm_16.9.6.LTS\lib\</path>
         <kind>archive</kind>
         <file>rtsv7M4_T_le_v4SPD16_eabi.lib</file>
         <name>hostclose.obj</name>
      </input_file>
      <input_file id="fl-ee">
         <path>C:\ti\ccsv7\tools\compiler\ti-cgt-arm_16.9.6.LTS\lib\</path>
         <kind>archive</kind>
         <file>rtsv7M4_T_le_v4SPD16_eabi.lib</file>
         <name>hostlseek.obj</name>
      </input_file>
      <input_file id="fl-ef">
         <path>C:\ti\ccsv7\tools\compiler\ti-cgt-arm_16.9.6.LTS\lib\</path>
         <kind>archive</kind>
         <file>rtsv7M4_T_le_v4SPD16_eabi.lib</file>
         <name>hostopen.obj</name>
      </input_file>
      <input_file id="fl-f0">
         <path>C:\ti\ccsv7\tools\compiler\ti-cgt-arm_16.9.6.LTS\lib\</path>
         <kind>archive</kind>
         <file>rtsv7M4_T_le_v4SPD16_eabi.lib</file>
         <name>hostread.obj</name>
      </input_file>
      <input_file id="fl-f1">
         <path>C:\ti\ccsv7\tools\compiler\ti-cgt-arm_16.9.6.LTS\lib\</path>
         <kind>archive</kind>
         <file>rtsv7M4_T_le_v4SPD16_eabi.lib</file>
         <name>hostrename.obj</name>
      </input_file>
      <input_file id="fl-f2">
         <path>C:\ti\ccsv7\tools\compiler\ti-cgt-arm_16.9.6.LTS\lib\</path>
         <kind>archive</kind>
         <file>rtsv7M4_T_le_v4SPD16_eabi.lib</file>
         <name>hostunlink.obj</name>
      </input_file>
      <input_file id="fl-f3">
         <path>C:\ti\ccsv7\tools\compiler\ti-cgt-arm_16.9.6.LTS\lib\</path>
         <kind>archive</kind>
         <file>rtsv7M4_T_le_v4SPD16_eabi.lib</file>
         <name>hostwrite.obj</name>
      </input_file>
      <input_file id="fl-f4">
         <path>C:\ti\ccsv7\tools\compiler\ti-cgt-arm_16.9.6.LTS\lib\</path>
         <kind>archive</kind>
         <file>rtsv7M4_T_le_v4SPD16_eabi.lib</file>
         <name>memory.obj</name>
      </input_file>
      <input_file id="fl-f5">
         <path>C:\ti\ccsv7\tools\compiler\ti-cgt-arm_16.9.6.LTS\lib\</path>
         <kind>archive</kind>
         <file>rtsv7M4_T_le_v4SPD16_eabi.lib</file>
         <name>remove.obj</name>
      </input_file>
      <input_file id="fl-f6">
         <path>C:\ti\ccsv7\tools\compiler\ti-cgt-arm_16.9.6.LTS\lib\</path>
         <kind>archive</kind>
         <file>rtsv7M4_T_le_v4SPD16_eabi.lib</file>
         <name>startup.obj</name>
      </input_file>
      <input_file id="fl-f7">
         <path>C:\ti\ccsv7\tools\compiler\ti-cgt-arm_16.9.6.LTS\lib\</path>
         <kind>archive</kind>
         <file>rtsv7M4_T_le_v4SPD16_eabi.lib</file>
         <name>strcpy.obj</name>
      </input_file>
      <input_file id="fl-f8">
         <path>C:\ti\ccsv7\tools\compiler\ti-cgt-arm_16.9.6.LTS\lib\</path>
         <kind>archive</kind>
         <file>rtsv7M4_T_le_v4SPD16_eabi.lib</file>
         <name>strlen.obj</name>
      </input_file>
      <input_file id="fl-f9">
         <path>C:\ti\ccsv7\tools\compiler\ti-cgt-arm_16.9.6.LTS\lib\</path>
         <kind>archive</kind>
         <file>rtsv7M4_T_le_v4SPD16_eabi.lib</file>
         <name>trgmsg.obj</name>
      </input_file>
      <input_file id="fl-fa">
         <path>C:\ti\ccsv7\tools\compiler\ti-cgt-arm_16.9.6.LTS\lib\</path>
         <kind>archive</kind>
         <file>rtsv7M4_T_le_v4SPD16_eabi.lib</file>
         <name>unlink.obj</name>
      </input_file>
      <input_file id="fl-fb">
         <path>C:\ti\ccsv7\tools\compiler\ti-cgt-arm_16.9.6.LTS\lib\</path>
         <kind>archive</kind>
         <file>rtsv7M4_T_le_v4SPD16_eabi.lib</file>
         <name>close.obj</name>
      </input_file>
   </input_file_list>
   <object_component_list>
      <object_component id="oc-2c">
         <name>.intvecs:retain</name>
         <load_address>0x0</load_address>
         <run_address>0x0</run_address>
         <size>0xe4</size>
         <input_file_ref idref="fl-13"/>
      </object_component>
      <object_component id="oc-7e">
         <name>.text</name>
         <load_address>0xe4</load_address>
         <run_address>0xe4</run_address>
         <size>0xc18</size>
         <input_file_ref idref="fl-a"/>
      </object_component>
      <object_component id="oc-101">
         <name>.text</name>
         <load_address>0xcfc</load_address>
         <run_address>0xcfc</run_address>
         <size>0x6bc</size>
         <input_file_ref idref="fl-12"/>
      </object_component>
      <object_component id="oc-90">
         <name>.text</name>
         <load_address>0x13b8</load_address>
         <run_address>0x13b8</run_address>
         <size>0x5ba</size>
         <input_file_ref idref="fl-6"/>
      </object_component>
      <object_component id="oc-56">
         <name>.text</name>
         <load_address>0x1972</load_address>
         <run_address>0x1972</run_address>
         <size>0x2</size>
         <input_file_ref idref="fl-de"/>
      </object_component>
      <object_component id="oc-241">
         <name>.text</name>
         <load_address>0x1974</load_address>
         <run_address>0x1974</run_address>
         <size>0x3d0</size>
         <input_file_ref idref="fl-f4"/>
      </object_component>
      <object_component id="oc-d6">
         <name>.text</name>
         <load_address>0x1d44</load_address>
         <run_address>0x1d44</run_address>
         <size>0x32c</size>
         <input_file_ref idref="fl-14"/>
      </object_component>
      <object_component id="oc-fb">
         <name>.text</name>
         <load_address>0x2070</load_address>
         <run_address>0x2070</run_address>
         <size>0x248</size>
         <input_file_ref idref="fl-9"/>
      </object_component>
      <object_component id="oc-ef">
         <name>.text</name>
         <load_address>0x22b8</load_address>
         <run_address>0x22b8</run_address>
         <size>0x248</size>
         <input_file_ref idref="fl-e"/>
      </object_component>
      <object_component id="oc-e3">
         <name>.text</name>
         <load_address>0x2500</load_address>
         <run_address>0x2500</run_address>
         <size>0x244</size>
         <input_file_ref idref="fl-c"/>
      </object_component>
      <object_component id="oc-12f">
         <name>.text</name>
         <load_address>0x2744</load_address>
         <run_address>0x2744</run_address>
         <size>0x210</size>
         <input_file_ref idref="fl-7"/>
      </object_component>
      <object_component id="oc-dd">
         <name>.text</name>
         <load_address>0x2954</load_address>
         <run_address>0x2954</run_address>
         <size>0x1e0</size>
         <input_file_ref idref="fl-4"/>
      </object_component>
      <object_component id="oc-1a5">
         <name>.text</name>
         <load_address>0x2b34</load_address>
         <run_address>0x2b34</run_address>
         <size>0x1c4</size>
         <input_file_ref idref="fl-d9"/>
      </object_component>
      <object_component id="oc-1d8">
         <name>.text</name>
         <load_address>0x2cf8</load_address>
         <run_address>0x2cf8</run_address>
         <size>0x1b6</size>
         <input_file_ref idref="fl-d5"/>
      </object_component>
      <object_component id="oc-c1">
         <name>.text</name>
         <load_address>0x2eae</load_address>
         <run_address>0x2eae</run_address>
         <size>0x2</size>
         <input_file_ref idref="fl-f6"/>
      </object_component>
      <object_component id="oc-f5">
         <name>.text</name>
         <load_address>0x2eb0</load_address>
         <run_address>0x2eb0</run_address>
         <size>0x164</size>
         <input_file_ref idref="fl-2"/>
      </object_component>
      <object_component id="oc-1ce">
         <name>.text</name>
         <load_address>0x3014</load_address>
         <run_address>0x3014</run_address>
         <size>0x136</size>
         <input_file_ref idref="fl-d6"/>
      </object_component>
      <object_component id="oc-117">
         <name>.text</name>
         <load_address>0x314c</load_address>
         <run_address>0x314c</run_address>
         <size>0x104</size>
         <input_file_ref idref="fl-8"/>
      </object_component>
      <object_component id="oc-8a">
         <name>.text</name>
         <load_address>0x3250</load_address>
         <run_address>0x3250</run_address>
         <size>0x104</size>
         <input_file_ref idref="fl-10"/>
      </object_component>
      <object_component id="oc-1dd">
         <name>.text</name>
         <load_address>0x3354</load_address>
         <run_address>0x3354</run_address>
         <size>0xfc</size>
         <input_file_ref idref="fl-d7"/>
      </object_component>
      <object_component id="oc-96">
         <name>.text</name>
         <load_address>0x3450</load_address>
         <run_address>0x3450</run_address>
         <size>0xf4</size>
         <input_file_ref idref="fl-3"/>
      </object_component>
      <object_component id="oc-e9">
         <name>.text</name>
         <load_address>0x3544</load_address>
         <run_address>0x3544</run_address>
         <size>0xf4</size>
         <input_file_ref idref="fl-b"/>
      </object_component>
      <object_component id="oc-17a">
         <name>.text</name>
         <load_address>0x3638</load_address>
         <run_address>0x3638</run_address>
         <size>0xec</size>
         <input_file_ref idref="fl-d"/>
      </object_component>
      <object_component id="oc-1ab">
         <name>.text</name>
         <load_address>0x3724</load_address>
         <run_address>0x3724</run_address>
         <size>0xdc</size>
         <input_file_ref idref="fl-e1"/>
      </object_component>
      <object_component id="oc-2ad">
         <name>.text</name>
         <load_address>0x3800</load_address>
         <run_address>0x3800</run_address>
         <size>0xc8</size>
         <input_file_ref idref="fl-ec"/>
      </object_component>
      <object_component id="oc-22f">
         <name>.text</name>
         <load_address>0x38c8</load_address>
         <run_address>0x38c8</run_address>
         <size>0xbc</size>
         <input_file_ref idref="fl-df"/>
      </object_component>
      <object_component id="oc-19f">
         <name>.text</name>
         <load_address>0x3984</load_address>
         <run_address>0x3984</run_address>
         <size>0xb8</size>
         <input_file_ref idref="fl-ce"/>
      </object_component>
      <object_component id="oc-84">
         <name>.text</name>
         <load_address>0x3a3c</load_address>
         <run_address>0x3a3c</run_address>
         <size>0xa8</size>
         <input_file_ref idref="fl-11"/>
      </object_component>
      <object_component id="oc-3e">
         <name>.text</name>
         <load_address>0x3ae4</load_address>
         <run_address>0x3ae4</run_address>
         <size>0x9c</size>
         <input_file_ref idref="fl-dc"/>
      </object_component>
      <object_component id="oc-235">
         <name>.text</name>
         <load_address>0x3b80</load_address>
         <run_address>0x3b80</run_address>
         <size>0x98</size>
         <input_file_ref idref="fl-eb"/>
      </object_component>
      <object_component id="oc-4a">
         <name>.text</name>
         <load_address>0x3c18</load_address>
         <run_address>0x3c18</run_address>
         <size>0x7a</size>
         <input_file_ref idref="fl-dd"/>
      </object_component>
      <object_component id="oc-62">
         <name>.text</name>
         <load_address>0x3c94</load_address>
         <run_address>0x3c94</run_address>
         <size>0x70</size>
         <input_file_ref idref="fl-e9"/>
      </object_component>
      <object_component id="oc-21d">
         <name>.text</name>
         <load_address>0x3d04</load_address>
         <run_address>0x3d04</run_address>
         <size>0x70</size>
         <input_file_ref idref="fl-da"/>
      </object_component>
      <object_component id="oc-14">
         <name>.text:decompress:lzss</name>
         <load_address>0x3d74</load_address>
         <run_address>0x3d74</run_address>
         <size>0x68</size>
         <input_file_ref idref="fl-d0"/>
      </object_component>
      <object_component id="oc-286">
         <name>.text</name>
         <load_address>0x3ddc</load_address>
         <run_address>0x3ddc</run_address>
         <size>0x68</size>
         <input_file_ref idref="fl-ee"/>
      </object_component>
      <object_component id="oc-292">
         <name>.text</name>
         <load_address>0x3e44</load_address>
         <run_address>0x3e44</run_address>
         <size>0x68</size>
         <input_file_ref idref="fl-f1"/>
      </object_component>
      <object_component id="oc-2e1">
         <name>.text</name>
         <load_address>0x3eac</load_address>
         <run_address>0x3eac</run_address>
         <size>0x68</size>
         <input_file_ref idref="fl-f9"/>
      </object_component>
      <object_component id="oc-26e">
         <name>.text</name>
         <load_address>0x3f14</load_address>
         <run_address>0x3f14</run_address>
         <size>0x60</size>
         <input_file_ref idref="fl-ef"/>
      </object_component>
      <object_component id="oc-2b3">
         <name>.text</name>
         <load_address>0x3f74</load_address>
         <run_address>0x3f74</run_address>
         <size>0x5c</size>
         <input_file_ref idref="fl-fb"/>
      </object_component>
      <object_component id="oc-27a">
         <name>.text</name>
         <load_address>0x3fd0</load_address>
         <run_address>0x3fd0</run_address>
         <size>0x58</size>
         <input_file_ref idref="fl-f0"/>
      </object_component>
      <object_component id="oc-280">
         <name>.text</name>
         <load_address>0x4028</load_address>
         <run_address>0x4028</run_address>
         <size>0x58</size>
         <input_file_ref idref="fl-f3"/>
      </object_component>
      <object_component id="oc-26">
         <name>.text</name>
         <load_address>0x4080</load_address>
         <run_address>0x4080</run_address>
         <size>0x54</size>
         <input_file_ref idref="fl-cf"/>
      </object_component>
      <object_component id="oc-6e">
         <name>.text</name>
         <load_address>0x40d4</load_address>
         <run_address>0x40d4</run_address>
         <size>0x54</size>
         <input_file_ref idref="fl-d4"/>
      </object_component>
      <object_component id="oc-bb">
         <name>.text</name>
         <load_address>0x4128</load_address>
         <run_address>0x4128</run_address>
         <size>0x4c</size>
         <input_file_ref idref="fl-ea"/>
      </object_component>
      <object_component id="oc-1d3">
         <name>.text</name>
         <load_address>0x4174</load_address>
         <run_address>0x4174</run_address>
         <size>0x44</size>
         <input_file_ref idref="fl-d8"/>
      </object_component>
      <object_component id="oc-274">
         <name>.text</name>
         <load_address>0x41b8</load_address>
         <run_address>0x41b8</run_address>
         <size>0x44</size>
         <input_file_ref idref="fl-ed"/>
      </object_component>
      <object_component id="oc-28c">
         <name>.text</name>
         <load_address>0x41fc</load_address>
         <run_address>0x41fc</run_address>
         <size>0x44</size>
         <input_file_ref idref="fl-f2"/>
      </object_component>
      <object_component id="oc-223">
         <name>.text</name>
         <load_address>0x4240</load_address>
         <run_address>0x4240</run_address>
         <size>0x36</size>
         <input_file_ref idref="fl-e5"/>
      </object_component>
      <object_component id="oc-1c9">
         <name>.text</name>
         <load_address>0x4276</load_address>
         <run_address>0x4276</run_address>
         <size>0x2e</size>
         <input_file_ref idref="fl-db"/>
      </object_component>
      <object_component id="oc-2b9">
         <name>.text</name>
         <load_address>0x42a4</load_address>
         <run_address>0x42a4</run_address>
         <size>0x2c</size>
         <input_file_ref idref="fl-fa"/>
      </object_component>
      <object_component id="oc-308">
         <name>.text</name>
         <load_address>0x42d0</load_address>
         <run_address>0x42d0</run_address>
         <size>0x28</size>
         <input_file_ref idref="fl-e6"/>
      </object_component>
      <object_component id="oc-107">
         <name>.text</name>
         <load_address>0x42f8</load_address>
         <run_address>0x42f8</run_address>
         <size>0x24</size>
         <input_file_ref idref="fl-5"/>
      </object_component>
      <object_component id="oc-68">
         <name>.text</name>
         <load_address>0x431c</load_address>
         <run_address>0x431c</run_address>
         <size>0x18</size>
         <input_file_ref idref="fl-e8"/>
      </object_component>
      <object_component id="oc-25e">
         <name>.text</name>
         <load_address>0x4334</load_address>
         <run_address>0x4334</run_address>
         <size>0x18</size>
         <input_file_ref idref="fl-e4"/>
      </object_component>
      <object_component id="oc-264">
         <name>.text</name>
         <load_address>0x434c</load_address>
         <run_address>0x434c</run_address>
         <size>0x16</size>
         <input_file_ref idref="fl-e3"/>
      </object_component>
      <object_component id="oc-166">
         <name>.text</name>
         <load_address>0x4364</load_address>
         <run_address>0x4364</run_address>
         <size>0x14</size>
         <input_file_ref idref="fl-e7"/>
      </object_component>
      <object_component id="oc-2f5">
         <name>.text</name>
         <load_address>0x4378</load_address>
         <run_address>0x4378</run_address>
         <size>0x14</size>
         <input_file_ref idref="fl-f7"/>
      </object_component>
      <object_component id="oc-2db">
         <name>.text</name>
         <load_address>0x438c</load_address>
         <run_address>0x438c</run_address>
         <size>0x14</size>
         <input_file_ref idref="fl-f8"/>
      </object_component>
      <object_component id="oc-1a">
         <name>.text:decompress:none</name>
         <load_address>0x43a0</load_address>
         <run_address>0x43a0</run_address>
         <size>0xe</size>
         <input_file_ref idref="fl-d1"/>
      </object_component>
      <object_component id="oc-78">
         <name>.text</name>
         <load_address>0x43ae</load_address>
         <run_address>0x43ae</run_address>
         <size>0xe</size>
         <input_file_ref idref="fl-13"/>
      </object_component>
      <object_component id="oc-20">
         <name>.text:decompress:ZI</name>
         <load_address>0x43bc</load_address>
         <run_address>0x43bc</run_address>
         <size>0xc</size>
         <input_file_ref idref="fl-d2"/>
      </object_component>
      <object_component id="oc-5c">
         <name>.text</name>
         <load_address>0x43c8</load_address>
         <run_address>0x43c8</run_address>
         <size>0x4</size>
         <input_file_ref idref="fl-e0"/>
      </object_component>
      <object_component id="oc-182">
         <name>.const:$P$T0$1</name>
         <load_address>0x43cc</load_address>
         <run_address>0x43cc</run_address>
         <size>0x20</size>
         <input_file_ref idref="fl-e"/>
      </object_component>
      <object_component id="oc-185">
         <name>.const:.string:$P$T1$2</name>
         <load_address>0x43ec</load_address>
         <run_address>0x43ec</run_address>
         <size>0x8</size>
         <input_file_ref idref="fl-e"/>
      </object_component>
      <object_component id="oc-369">
         <name>.cinit..data.load</name>
         <load_address>0x43f8</load_address>
         <run_address>0x43f8</run_address>
         <size>0x81</size>
      </object_component>
      <object_component id="oc-367">
         <name>__TI_handler_table</name>
         <load_address>0x447c</load_address>
         <run_address>0x447c</run_address>
         <size>0xc</size>
      </object_component>
      <object_component id="oc-36a">
         <name>.cinit..bss.load</name>
         <load_address>0x4488</load_address>
         <run_address>0x4488</run_address>
         <size>0x8</size>
      </object_component>
      <object_component id="oc-368">
         <name>__TI_cinit_table</name>
         <load_address>0x4490</load_address>
         <run_address>0x4490</run_address>
         <size>0x10</size>
      </object_component>
      <object_component id="oc-344">
         <name>.binit</name>
         <load_address>0x0</load_address>
         <run_address>0x0</run_address>
         <size>0x0</size>
      </object_component>
      <object_component id="oc-176">
         <name>.data</name>
         <load_address>0x20003ae0</load_address>
         <run_address>0x20003ae0</run_address>
         <size>0x18</size>
         <input_file_ref idref="fl-4"/>
      </object_component>
      <object_component id="oc-10d">
         <name>.data</name>
         <load_address>0x20003af8</load_address>
         <run_address>0x20003af8</run_address>
         <size>0x11</size>
         <input_file_ref idref="fl-a"/>
      </object_component>
      <object_component id="oc-12a">
         <name>.data</name>
         <load_address>0x20003b3c</load_address>
         <run_address>0x20003b3c</run_address>
         <size>0x8</size>
         <input_file_ref idref="fl-10"/>
      </object_component>
      <object_component id="oc-172">
         <name>.data</name>
         <load_address>0x20003b54</load_address>
         <run_address>0x20003b54</run_address>
         <size>0x4</size>
         <input_file_ref idref="fl-14"/>
      </object_component>
      <object_component id="oc-229">
         <name>.data</name>
         <load_address>0x20003b44</load_address>
         <run_address>0x20003b44</run_address>
         <size>0x4</size>
         <input_file_ref idref="fl-ce"/>
      </object_component>
      <object_component id="oc-1b1">
         <name>.data:_ftable</name>
         <load_address>0x20003928</load_address>
         <run_address>0x20003928</run_address>
         <size>0xf0</size>
         <input_file_ref idref="fl-d3"/>
      </object_component>
      <object_component id="oc-23b">
         <name>.data</name>
         <load_address>0x20003b0c</load_address>
         <run_address>0x20003b0c</run_address>
         <size>0x10</size>
         <input_file_ref idref="fl-d3"/>
      </object_component>
      <object_component id="oc-cb">
         <name>.data:$O1$$</name>
         <load_address>0x20003b1c</load_address>
         <run_address>0x20003b1c</run_address>
         <size>0xc</size>
         <input_file_ref idref="fl-d4"/>
      </object_component>
      <object_component id="oc-23e">
         <name>.data</name>
         <load_address>0x20003b48</load_address>
         <run_address>0x20003b48</run_address>
         <size>0x4</size>
         <input_file_ref idref="fl-d9"/>
      </object_component>
      <object_component id="oc-2a7">
         <name>.data</name>
         <load_address>0x20003b4c</load_address>
         <run_address>0x20003b4c</run_address>
         <size>0x4</size>
         <input_file_ref idref="fl-df"/>
      </object_component>
      <object_component id="oc-74">
         <name>.data</name>
         <load_address>0x20003b50</load_address>
         <run_address>0x20003b50</run_address>
         <size>0x4</size>
         <input_file_ref idref="fl-e2"/>
      </object_component>
      <object_component id="oc-22a">
         <name>.data:_device</name>
         <load_address>0x20003a18</load_address>
         <run_address>0x20003a18</run_address>
         <size>0x78</size>
         <input_file_ref idref="fl-e6"/>
      </object_component>
      <object_component id="oc-2a8">
         <name>.data:_stream</name>
         <load_address>0x20003a90</load_address>
         <run_address>0x20003a90</run_address>
         <size>0x50</size>
         <input_file_ref idref="fl-e6"/>
      </object_component>
      <object_component id="oc-ce">
         <name>.data:$O1$$</name>
         <load_address>0x20003b34</load_address>
         <run_address>0x20003b34</run_address>
         <size>0x8</size>
         <input_file_ref idref="fl-e7"/>
      </object_component>
      <object_component id="oc-2cb">
         <name>.data:$O1$$</name>
         <load_address>0x20003b28</load_address>
         <run_address>0x20003b28</run_address>
         <size>0xc</size>
         <input_file_ref idref="fl-f4"/>
      </object_component>
      <object_component id="oc-31e">
         <name>.bss:_CIOBUF_</name>
         <uninitialized>true</uninitialized>
         <run_address>0x20003200</run_address>
         <size>0x120</size>
         <input_file_ref idref="fl-f9"/>
      </object_component>
      <object_component id="oc-13a">
         <name>.common:Port4Task</name>
         <uninitialized>true</uninitialized>
         <run_address>0x20003500</run_address>
         <size>0x4</size>
      </object_component>
      <object_component id="oc-138">
         <name>.common:Messageindexc</name>
         <uninitialized>true</uninitialized>
         <run_address>0x200034fc</run_address>
         <size>0x4</size>
      </object_component>
      <object_component id="oc-135">
         <name>.common:Messagec</name>
         <uninitialized>true</uninitialized>
         <run_address>0x200034cc</run_address>
         <size>0x8</size>
      </object_component>
      <object_component id="oc-1e9">
         <name>.common:TxFifo0</name>
         <uninitialized>true</uninitialized>
         <run_address>0x20003442</run_address>
         <size>0x82</size>
      </object_component>
      <object_component id="oc-1ed">
         <name>.common:RxFifo0</name>
         <uninitialized>true</uninitialized>
         <run_address>0x200033c0</run_address>
         <size>0x82</size>
      </object_component>
      <object_component id="oc-1ec">
         <name>.common:TxHistogram</name>
         <uninitialized>true</uninitialized>
         <run_address>0x20003000</run_address>
         <size>0x200</size>
      </object_component>
      <object_component id="oc-18c">
         <name>.common:Size</name>
         <uninitialized>true</uninitialized>
         <run_address>0x20003504</run_address>
         <size>0x4</size>
      </object_component>
      <object_component id="oc-191">
         <name>.common:x</name>
         <uninitialized>true</uninitialized>
         <run_address>0x20000000</run_address>
         <size>0x1000</size>
      </object_component>
      <object_component id="oc-18f">
         <name>.common:I1</name>
         <uninitialized>true</uninitialized>
         <run_address>0x200034e0</run_address>
         <size>0x4</size>
      </object_component>
      <object_component id="oc-190">
         <name>.common:LPFSum</name>
         <uninitialized>true</uninitialized>
         <run_address>0x200034ec</run_address>
         <size>0x4</size>
      </object_component>
      <object_component id="oc-192">
         <name>.common:Size2</name>
         <uninitialized>true</uninitialized>
         <run_address>0x20003508</run_address>
         <size>0x4</size>
      </object_component>
      <object_component id="oc-195">
         <name>.common:x2</name>
         <uninitialized>true</uninitialized>
         <run_address>0x20001000</run_address>
         <size>0x1000</size>
      </object_component>
      <object_component id="oc-193">
         <name>.common:I2</name>
         <uninitialized>true</uninitialized>
         <run_address>0x200034e4</run_address>
         <size>0x4</size>
      </object_component>
      <object_component id="oc-194">
         <name>.common:LPFSum2</name>
         <uninitialized>true</uninitialized>
         <run_address>0x200034f0</run_address>
         <size>0x4</size>
      </object_component>
      <object_component id="oc-196">
         <name>.common:Size3</name>
         <uninitialized>true</uninitialized>
         <run_address>0x2000350c</run_address>
         <size>0x4</size>
      </object_component>
      <object_component id="oc-199">
         <name>.common:x3</name>
         <uninitialized>true</uninitialized>
         <run_address>0x20002000</run_address>
         <size>0x1000</size>
      </object_component>
      <object_component id="oc-197">
         <name>.common:I3</name>
         <uninitialized>true</uninitialized>
         <run_address>0x200034e8</run_address>
         <size>0x4</size>
      </object_component>
      <object_component id="oc-198">
         <name>.common:LPFSum3</name>
         <uninitialized>true</uninitialized>
         <run_address>0x200034f4</run_address>
         <size>0x4</size>
      </object_component>
      <object_component id="oc-110">
         <name>.common:CollisionData</name>
         <uninitialized>true</uninitialized>
         <run_address>0x20003524</run_address>
         <size>0x1</size>
      </object_component>
      <object_component id="oc-116">
         <name>.common:CollisionFlag</name>
         <uninitialized>true</uninitialized>
         <run_address>0x20003525</run_address>
         <size>0x1</size>
      </object_component>
      <object_component id="oc-113">
         <name>.common:nr</name>
         <uninitialized>true</uninitialized>
         <run_address>0x2000351c</run_address>
         <size>0x4</size>
      </object_component>
      <object_component id="oc-11d">
         <name>.common:nc</name>
         <uninitialized>true</uninitialized>
         <run_address>0x20003514</run_address>
         <size>0x4</size>
      </object_component>
      <object_component id="oc-11e">
         <name>.common:nl</name>
         <uninitialized>true</uninitialized>
         <run_address>0x20003518</run_address>
         <size>0x4</size>
      </object_component>
      <object_component id="oc-11f">
         <name>.common:ADCflag</name>
         <uninitialized>true</uninitialized>
         <run_address>0x200034dc</run_address>
         <size>0x4</size>
      </object_component>
      <object_component id="oc-114">
         <name>.common:Period0</name>
         <uninitialized>true</uninitialized>
         <run_address>0x20003520</run_address>
         <size>0x2</size>
      </object_component>
      <object_component id="oc-115">
         <name>.common:Period2</name>
         <uninitialized>true</uninitialized>
         <run_address>0x20003522</run_address>
         <size>0x2</size>
      </object_component>
      <object_component id="oc-126">
         <name>.common:TimerA1Task</name>
         <uninitialized>true</uninitialized>
         <run_address>0x20003510</run_address>
         <size>0x4</size>
      </object_component>
      <object_component id="oc-19e">
         <name>.common:Messageindexb</name>
         <uninitialized>true</uninitialized>
         <run_address>0x200034f8</run_address>
         <size>0x4</size>
      </object_component>
      <object_component id="oc-19b">
         <name>.common:Messageb</name>
         <uninitialized>true</uninitialized>
         <run_address>0x200034c4</run_address>
         <size>0x8</size>
      </object_component>
      <object_component id="oc-2bf">
         <name>.common:__TI_tmpnams</name>
         <uninitialized>true</uninitialized>
         <run_address>0x20003320</run_address>
         <size>0xa0</size>
      </object_component>
      <object_component id="oc-2e7">
         <name>.common:parmbuf</name>
         <uninitialized>true</uninitialized>
         <run_address>0x200034d4</run_address>
         <size>0x8</size>
      </object_component>
      <object_component id="oc-30">
         <name>.sysmem</name>
         <uninitialized>true</uninitialized>
         <run_address>0x20003528</run_address>
         <size>0x8</size>
         <input_file_ref idref="fl-f4"/>
      </object_component>
      <object_component id="oc-36c">
         <name>.sysmem</name>
         <uninitialized>true</uninitialized>
         <run_address>0x20003528</run_address>
         <size>0x0</size>
      </object_component>
      <object_component id="oc-2f">
         <name>.stack</name>
         <uninitialized>true</uninitialized>
         <run_address>0x2000fe00</run_address>
         <size>0x0</size>
         <input_file_ref idref="fl-cf"/>
      </object_component>
      <object_component id="oc-36b">
         <name>.stack</name>
         <uninitialized>true</uninitialized>
         <run_address>0x2000fe00</run_address>
         <size>0x0</size>
      </object_component>
      <object_component id="oc-18b">
         <name>.debug_info</name>
         <load_address>0x0</load_address>
         <run_address>0x0</run_address>
         <size>0x54c</size>
         <input_file_ref idref="fl-2"/>
      </object_component>
      <object_component id="oc-f6">
         <name>.debug_info</name>
         <load_address>0x54c</load_address>
         <run_address>0x54c</run_address>
         <size>0x3f9</size>
         <input_file_ref idref="fl-2"/>
      </object_component>
      <object_component id="oc-1bf">
         <name>.debug_info</name>
         <load_address>0x945</load_address>
         <run_address>0x945</run_address>
         <size>0x37e2</size>
         <input_file_ref idref="fl-2"/>
      </object_component>
      <object_component id="oc-1c4">
         <name>.debug_info</name>
         <load_address>0x4127</load_address>
         <run_address>0x4127</run_address>
         <size>0x1055</size>
         <input_file_ref idref="fl-2"/>
      </object_component>
      <object_component id="oc-39">
         <name>.debug_info</name>
         <load_address>0x517c</load_address>
         <run_address>0x517c</run_address>
         <size>0x84</size>
         <input_file_ref idref="fl-2"/>
      </object_component>
      <object_component id="oc-121">
         <name>.debug_info</name>
         <load_address>0x5200</load_address>
         <run_address>0x5200</run_address>
         <size>0x18b</size>
         <input_file_ref idref="fl-2"/>
      </object_component>
      <object_component id="oc-13b">
         <name>.debug_info</name>
         <load_address>0x538b</load_address>
         <run_address>0x538b</run_address>
         <size>0x57d</size>
         <input_file_ref idref="fl-3"/>
      </object_component>
      <object_component id="oc-99">
         <name>.debug_info</name>
         <load_address>0x5908</load_address>
         <run_address>0x5908</run_address>
         <size>0x335</size>
         <input_file_ref idref="fl-3"/>
      </object_component>
      <object_component id="oc-177">
         <name>.debug_info</name>
         <load_address>0x5c3d</load_address>
         <run_address>0x5c3d</run_address>
         <size>0x1b4</size>
         <input_file_ref idref="fl-4"/>
      </object_component>
      <object_component id="oc-e0">
         <name>.debug_info</name>
         <load_address>0x5df1</load_address>
         <run_address>0x5df1</run_address>
         <size>0x468</size>
         <input_file_ref idref="fl-4"/>
      </object_component>
      <object_component id="oc-10b">
         <name>.debug_info</name>
         <load_address>0x6259</load_address>
         <run_address>0x6259</run_address>
         <size>0x429</size>
         <input_file_ref idref="fl-5"/>
      </object_component>
      <object_component id="oc-136">
         <name>.debug_info</name>
         <load_address>0x6682</load_address>
         <run_address>0x6682</run_address>
         <size>0x698</size>
         <input_file_ref idref="fl-6"/>
      </object_component>
      <object_component id="oc-92">
         <name>.debug_info</name>
         <load_address>0x6d1a</load_address>
         <run_address>0x6d1a</run_address>
         <size>0x13d5</size>
         <input_file_ref idref="fl-6"/>
      </object_component>
      <object_component id="oc-1ea">
         <name>.debug_info</name>
         <load_address>0x80ef</load_address>
         <run_address>0x80ef</run_address>
         <size>0x302</size>
         <input_file_ref idref="fl-7"/>
      </object_component>
      <object_component id="oc-131">
         <name>.debug_info</name>
         <load_address>0x83f1</load_address>
         <run_address>0x83f1</run_address>
         <size>0x6cf</size>
         <input_file_ref idref="fl-7"/>
      </object_component>
      <object_component id="oc-259">
         <name>.debug_info</name>
         <load_address>0x8ac0</load_address>
         <run_address>0x8ac0</run_address>
         <size>0x76</size>
         <input_file_ref idref="fl-7"/>
      </object_component>
      <object_component id="oc-119">
         <name>.debug_info</name>
         <load_address>0x8b36</load_address>
         <run_address>0x8b36</run_address>
         <size>0x4ea</size>
         <input_file_ref idref="fl-8"/>
      </object_component>
      <object_component id="oc-18d">
         <name>.debug_info</name>
         <load_address>0x9020</load_address>
         <run_address>0x9020</run_address>
         <size>0x6c3</size>
         <input_file_ref idref="fl-9"/>
      </object_component>
      <object_component id="oc-fc">
         <name>.debug_info</name>
         <load_address>0x96e3</load_address>
         <run_address>0x96e3</run_address>
         <size>0x607</size>
         <input_file_ref idref="fl-9"/>
      </object_component>
      <object_component id="oc-111">
         <name>.debug_info</name>
         <load_address>0x9cea</load_address>
         <run_address>0x9cea</run_address>
         <size>0xdec</size>
         <input_file_ref idref="fl-a"/>
      </object_component>
      <object_component id="oc-10e">
         <name>.debug_info</name>
         <load_address>0xaad6</load_address>
         <run_address>0xaad6</run_address>
         <size>0x151</size>
         <input_file_ref idref="fl-a"/>
      </object_component>
      <object_component id="oc-7f">
         <name>.debug_info</name>
         <load_address>0xac27</load_address>
         <run_address>0xac27</run_address>
         <size>0x1806</size>
         <input_file_ref idref="fl-a"/>
      </object_component>
      <object_component id="oc-b2">
         <name>.debug_info</name>
         <load_address>0xc42d</load_address>
         <run_address>0xc42d</run_address>
         <size>0x2c</size>
         <input_file_ref idref="fl-a"/>
      </object_component>
      <object_component id="oc-ec">
         <name>.debug_info</name>
         <load_address>0xc459</load_address>
         <run_address>0xc459</run_address>
         <size>0x3de</size>
         <input_file_ref idref="fl-b"/>
      </object_component>
      <object_component id="oc-e6">
         <name>.debug_info</name>
         <load_address>0xc837</load_address>
         <run_address>0xc837</run_address>
         <size>0x830</size>
         <input_file_ref idref="fl-c"/>
      </object_component>
      <object_component id="oc-17d">
         <name>.debug_info</name>
         <load_address>0xd067</load_address>
         <run_address>0xd067</run_address>
         <size>0x368</size>
         <input_file_ref idref="fl-d"/>
      </object_component>
      <object_component id="oc-189">
         <name>.debug_info</name>
         <load_address>0xd3cf</load_address>
         <run_address>0xd3cf</run_address>
         <size>0x5bc</size>
         <input_file_ref idref="fl-e"/>
      </object_component>
      <object_component id="oc-183">
         <name>.debug_info</name>
         <load_address>0xd98b</load_address>
         <run_address>0xd98b</run_address>
         <size>0x104</size>
         <input_file_ref idref="fl-e"/>
      </object_component>
      <object_component id="oc-186">
         <name>.debug_info</name>
         <load_address>0xda8f</load_address>
         <run_address>0xda8f</run_address>
         <size>0x104</size>
         <input_file_ref idref="fl-e"/>
      </object_component>
      <object_component id="oc-f3">
         <name>.debug_info</name>
         <load_address>0xdb93</load_address>
         <run_address>0xdb93</run_address>
         <size>0xaee</size>
         <input_file_ref idref="fl-e"/>
      </object_component>
      <object_component id="oc-20d">
         <name>.debug_info</name>
         <load_address>0xe681</load_address>
         <run_address>0xe681</run_address>
         <size>0x37e2</size>
         <input_file_ref idref="fl-e"/>
      </object_component>
      <object_component id="oc-12e">
         <name>.debug_info</name>
         <load_address>0x11e63</load_address>
         <run_address>0x11e63</run_address>
         <size>0x562</size>
         <input_file_ref idref="fl-10"/>
      </object_component>
      <object_component id="oc-12b">
         <name>.debug_info</name>
         <load_address>0x123c5</load_address>
         <run_address>0x123c5</run_address>
         <size>0x13c</size>
         <input_file_ref idref="fl-10"/>
      </object_component>
      <object_component id="oc-8b">
         <name>.debug_info</name>
         <load_address>0x12501</load_address>
         <run_address>0x12501</run_address>
         <size>0x43f</size>
         <input_file_ref idref="fl-10"/>
      </object_component>
      <object_component id="oc-127">
         <name>.debug_info</name>
         <load_address>0x12940</load_address>
         <run_address>0x12940</run_address>
         <size>0x577</size>
         <input_file_ref idref="fl-11"/>
      </object_component>
      <object_component id="oc-85">
         <name>.debug_info</name>
         <load_address>0x12eb7</load_address>
         <run_address>0x12eb7</run_address>
         <size>0x32a</size>
         <input_file_ref idref="fl-11"/>
      </object_component>
      <object_component id="oc-19c">
         <name>.debug_info</name>
         <load_address>0x131e1</load_address>
         <run_address>0x131e1</run_address>
         <size>0x78a</size>
         <input_file_ref idref="fl-12"/>
      </object_component>
      <object_component id="oc-102">
         <name>.debug_info</name>
         <load_address>0x1396b</load_address>
         <run_address>0x1396b</run_address>
         <size>0x1bd0</size>
         <input_file_ref idref="fl-12"/>
      </object_component>
      <object_component id="oc-218">
         <name>.debug_info</name>
         <load_address>0x1553b</load_address>
         <run_address>0x1553b</run_address>
         <size>0xc8</size>
         <input_file_ref idref="fl-12"/>
      </object_component>
      <object_component id="oc-1b5">
         <name>.debug_info</name>
         <load_address>0x15603</load_address>
         <run_address>0x15603</run_address>
         <size>0x2c</size>
         <input_file_ref idref="fl-12"/>
      </object_component>
      <object_component id="oc-9e">
         <name>.debug_info</name>
         <load_address>0x1562f</load_address>
         <run_address>0x1562f</run_address>
         <size>0x2bd</size>
         <input_file_ref idref="fl-13"/>
      </object_component>
      <object_component id="oc-2d">
         <name>.debug_info</name>
         <load_address>0x158ec</load_address>
         <run_address>0x158ec</run_address>
         <size>0xfb</size>
         <input_file_ref idref="fl-13"/>
      </object_component>
      <object_component id="oc-7a">
         <name>.debug_info</name>
         <load_address>0x159e7</load_address>
         <run_address>0x159e7</run_address>
         <size>0x1c2</size>
         <input_file_ref idref="fl-13"/>
      </object_component>
      <object_component id="oc-173">
         <name>.debug_info</name>
         <load_address>0x15ba9</load_address>
         <run_address>0x15ba9</run_address>
         <size>0xf4</size>
         <input_file_ref idref="fl-14"/>
      </object_component>
      <object_component id="oc-d7">
         <name>.debug_info</name>
         <load_address>0x15c9d</load_address>
         <run_address>0x15c9d</run_address>
         <size>0x266</size>
         <input_file_ref idref="fl-14"/>
      </object_component>
      <object_component id="oc-22e">
         <name>.debug_info</name>
         <load_address>0x15f03</load_address>
         <run_address>0x15f03</run_address>
         <size>0x430</size>
         <input_file_ref idref="fl-ce"/>
      </object_component>
      <object_component id="oc-1a3">
         <name>.debug_info</name>
         <load_address>0x16333</load_address>
         <run_address>0x16333</run_address>
         <size>0x2d0</size>
         <input_file_ref idref="fl-ce"/>
      </object_component>
      <object_component id="oc-2a2">
         <name>.debug_info</name>
         <load_address>0x16603</load_address>
         <run_address>0x16603</run_address>
         <size>0xea</size>
         <input_file_ref idref="fl-ce"/>
      </object_component>
      <object_component id="oc-29d">
         <name>.debug_info</name>
         <load_address>0x166ed</load_address>
         <run_address>0x166ed</run_address>
         <size>0x2c</size>
         <input_file_ref idref="fl-ce"/>
      </object_component>
      <object_component id="oc-28">
         <name>.debug_info</name>
         <load_address>0x16719</load_address>
         <run_address>0x16719</run_address>
         <size>0x160</size>
         <input_file_ref idref="fl-cf"/>
      </object_component>
      <object_component id="oc-a8">
         <name>.debug_info</name>
         <load_address>0x16879</load_address>
         <run_address>0x16879</run_address>
         <size>0x293</size>
         <input_file_ref idref="fl-d0"/>
      </object_component>
      <object_component id="oc-15">
         <name>.debug_info</name>
         <load_address>0x16b0c</load_address>
         <run_address>0x16b0c</run_address>
         <size>0x245</size>
         <input_file_ref idref="fl-d0"/>
      </object_component>
      <object_component id="oc-34">
         <name>.debug_info</name>
         <load_address>0x16d51</load_address>
         <run_address>0x16d51</run_address>
         <size>0x60</size>
         <input_file_ref idref="fl-d0"/>
      </object_component>
      <object_component id="oc-a3">
         <name>.debug_info</name>
         <load_address>0x16db1</load_address>
         <run_address>0x16db1</run_address>
         <size>0x46</size>
         <input_file_ref idref="fl-d0"/>
      </object_component>
      <object_component id="oc-49">
         <name>.debug_info</name>
         <load_address>0x16df7</load_address>
         <run_address>0x16df7</run_address>
         <size>0x2da</size>
         <input_file_ref idref="fl-d1"/>
      </object_component>
      <object_component id="oc-1e">
         <name>.debug_info</name>
         <load_address>0x170d1</load_address>
         <run_address>0x170d1</run_address>
         <size>0x1df</size>
         <input_file_ref idref="fl-d1"/>
      </object_component>
      <object_component id="oc-44">
         <name>.debug_info</name>
         <load_address>0x172b0</load_address>
         <run_address>0x172b0</run_address>
         <size>0x46</size>
         <input_file_ref idref="fl-d1"/>
      </object_component>
      <object_component id="oc-aa">
         <name>.debug_info</name>
         <load_address>0x172f6</load_address>
         <run_address>0x172f6</run_address>
         <size>0x2c</size>
         <input_file_ref idref="fl-d1"/>
      </object_component>
      <object_component id="oc-55">
         <name>.debug_info</name>
         <load_address>0x17322</load_address>
         <run_address>0x17322</run_address>
         <size>0x2c9</size>
         <input_file_ref idref="fl-d2"/>
      </object_component>
      <object_component id="oc-24">
         <name>.debug_info</name>
         <load_address>0x175eb</load_address>
         <run_address>0x175eb</run_address>
         <size>0x1aa</size>
         <input_file_ref idref="fl-d2"/>
      </object_component>
      <object_component id="oc-50">
         <name>.debug_info</name>
         <load_address>0x17795</load_address>
         <run_address>0x17795</run_address>
         <size>0x46</size>
         <input_file_ref idref="fl-d2"/>
      </object_component>
      <object_component id="oc-250">
         <name>.debug_info</name>
         <load_address>0x177db</load_address>
         <run_address>0x177db</run_address>
         <size>0x139</size>
         <input_file_ref idref="fl-d3"/>
      </object_component>
      <object_component id="oc-1b2">
         <name>.debug_info</name>
         <load_address>0x17914</load_address>
         <run_address>0x17914</run_address>
         <size>0xf7</size>
         <input_file_ref idref="fl-d3"/>
      </object_component>
      <object_component id="oc-23c">
         <name>.debug_info</name>
         <load_address>0x17a0b</load_address>
         <run_address>0x17a0b</run_address>
         <size>0x184</size>
         <input_file_ref idref="fl-d3"/>
      </object_component>
      <object_component id="oc-2c6">
         <name>.debug_info</name>
         <load_address>0x17b8f</load_address>
         <run_address>0x17b8f</run_address>
         <size>0xae</size>
         <input_file_ref idref="fl-d3"/>
      </object_component>
      <object_component id="oc-d2">
         <name>.debug_info</name>
         <load_address>0x17c3d</load_address>
         <run_address>0x17c3d</run_address>
         <size>0x3ce</size>
         <input_file_ref idref="fl-d4"/>
      </object_component>
      <object_component id="oc-cc">
         <name>.debug_info</name>
         <load_address>0x1800b</load_address>
         <run_address>0x1800b</run_address>
         <size>0x185</size>
         <input_file_ref idref="fl-d4"/>
      </object_component>
      <object_component id="oc-72">
         <name>.debug_info</name>
         <load_address>0x18190</load_address>
         <run_address>0x18190</run_address>
         <size>0x214</size>
         <input_file_ref idref="fl-d4"/>
      </object_component>
      <object_component id="oc-1d9">
         <name>.debug_info</name>
         <load_address>0x183a4</load_address>
         <run_address>0x183a4</run_address>
         <size>0x144</size>
         <input_file_ref idref="fl-d5"/>
      </object_component>
      <object_component id="oc-1d0">
         <name>.debug_info</name>
         <load_address>0x184e8</load_address>
         <run_address>0x184e8</run_address>
         <size>0x132</size>
         <input_file_ref idref="fl-d6"/>
      </object_component>
      <object_component id="oc-1de">
         <name>.debug_info</name>
         <load_address>0x1861a</load_address>
         <run_address>0x1861a</run_address>
         <size>0x132</size>
         <input_file_ref idref="fl-d7"/>
      </object_component>
      <object_component id="oc-1d4">
         <name>.debug_info</name>
         <load_address>0x1874c</load_address>
         <run_address>0x1874c</run_address>
         <size>0x131</size>
         <input_file_ref idref="fl-d8"/>
      </object_component>
      <object_component id="oc-240">
         <name>.debug_info</name>
         <load_address>0x1887d</load_address>
         <run_address>0x1887d</run_address>
         <size>0x3d6</size>
         <input_file_ref idref="fl-d9"/>
      </object_component>
      <object_component id="oc-1a9">
         <name>.debug_info</name>
         <load_address>0x18c53</load_address>
         <run_address>0x18c53</run_address>
         <size>0x455</size>
         <input_file_ref idref="fl-d9"/>
      </object_component>
      <object_component id="oc-142">
         <name>.debug_info</name>
         <load_address>0x190a8</load_address>
         <run_address>0x190a8</run_address>
         <size>0x2c</size>
         <input_file_ref idref="fl-d9"/>
      </object_component>
      <object_component id="oc-26b">
         <name>.debug_info</name>
         <load_address>0x190d4</load_address>
         <run_address>0x190d4</run_address>
         <size>0x417</size>
         <input_file_ref idref="fl-da"/>
      </object_component>
      <object_component id="oc-21e">
         <name>.debug_info</name>
         <load_address>0x194eb</load_address>
         <run_address>0x194eb</run_address>
         <size>0x282</size>
         <input_file_ref idref="fl-da"/>
      </object_component>
      <object_component id="oc-1ca">
         <name>.debug_info</name>
         <load_address>0x1976d</load_address>
         <run_address>0x1976d</run_address>
         <size>0x124</size>
         <input_file_ref idref="fl-db"/>
      </object_component>
      <object_component id="oc-41">
         <name>.debug_info</name>
         <load_address>0x19891</load_address>
         <run_address>0x19891</run_address>
         <size>0x111</size>
         <input_file_ref idref="fl-dc"/>
      </object_component>
      <object_component id="oc-4d">
         <name>.debug_info</name>
         <load_address>0x199a2</load_address>
         <run_address>0x199a2</run_address>
         <size>0x13f</size>
         <input_file_ref idref="fl-dd"/>
      </object_component>
      <object_component id="oc-59">
         <name>.debug_info</name>
         <load_address>0x19ae1</load_address>
         <run_address>0x19ae1</run_address>
         <size>0x138</size>
         <input_file_ref idref="fl-de"/>
      </object_component>
      <object_component id="oc-2ac">
         <name>.debug_info</name>
         <load_address>0x19c19</load_address>
         <run_address>0x19c19</run_address>
         <size>0x3f7</size>
         <input_file_ref idref="fl-df"/>
      </object_component>
      <object_component id="oc-230">
         <name>.debug_info</name>
         <load_address>0x1a010</load_address>
         <run_address>0x1a010</run_address>
         <size>0x23a</size>
         <input_file_ref idref="fl-df"/>
      </object_component>
      <object_component id="oc-2ff">
         <name>.debug_info</name>
         <load_address>0x1a24a</load_address>
         <run_address>0x1a24a</run_address>
         <size>0x120</size>
         <input_file_ref idref="fl-df"/>
      </object_component>
      <object_component id="oc-5d">
         <name>.debug_info</name>
         <load_address>0x1a36a</load_address>
         <run_address>0x1a36a</run_address>
         <size>0x148</size>
         <input_file_ref idref="fl-e0"/>
      </object_component>
      <object_component id="oc-248">
         <name>.debug_info</name>
         <load_address>0x1a4b2</load_address>
         <run_address>0x1a4b2</run_address>
         <size>0x35a</size>
         <input_file_ref idref="fl-e1"/>
      </object_component>
      <object_component id="oc-1ac">
         <name>.debug_info</name>
         <load_address>0x1a80c</load_address>
         <run_address>0x1a80c</run_address>
         <size>0x200</size>
         <input_file_ref idref="fl-e1"/>
      </object_component>
      <object_component id="oc-249">
         <name>.debug_info</name>
         <load_address>0x1aa0c</load_address>
         <run_address>0x1aa0c</run_address>
         <size>0xbb</size>
         <input_file_ref idref="fl-e1"/>
      </object_component>
      <object_component id="oc-75">
         <name>.debug_info</name>
         <load_address>0x1aac7</load_address>
         <run_address>0x1aac7</run_address>
         <size>0x109</size>
         <input_file_ref idref="fl-e2"/>
      </object_component>
      <object_component id="oc-2d6">
         <name>.debug_info</name>
         <load_address>0x1abd0</load_address>
         <run_address>0x1abd0</run_address>
         <size>0x28f</size>
         <input_file_ref idref="fl-e3"/>
      </object_component>
      <object_component id="oc-265">
         <name>.debug_info</name>
         <load_address>0x1ae5f</load_address>
         <run_address>0x1ae5f</run_address>
         <size>0x244</size>
         <input_file_ref idref="fl-e3"/>
      </object_component>
      <object_component id="oc-2d4">
         <name>.debug_info</name>
         <load_address>0x1b0a3</load_address>
         <run_address>0x1b0a3</run_address>
         <size>0x27f</size>
         <input_file_ref idref="fl-e4"/>
      </object_component>
      <object_component id="oc-262">
         <name>.debug_info</name>
         <load_address>0x1b322</load_address>
         <run_address>0x1b322</run_address>
         <size>0x258</size>
         <input_file_ref idref="fl-e4"/>
      </object_component>
      <object_component id="oc-26d">
         <name>.debug_info</name>
         <load_address>0x1b57a</load_address>
         <run_address>0x1b57a</run_address>
         <size>0x290</size>
         <input_file_ref idref="fl-e5"/>
      </object_component>
      <object_component id="oc-227">
         <name>.debug_info</name>
         <load_address>0x1b80a</load_address>
         <run_address>0x1b80a</run_address>
         <size>0x259</size>
         <input_file_ref idref="fl-e5"/>
      </object_component>
      <object_component id="oc-29a">
         <name>.debug_info</name>
         <load_address>0x1ba63</load_address>
         <run_address>0x1ba63</run_address>
         <size>0x4c5</size>
         <input_file_ref idref="fl-e6"/>
      </object_component>
      <object_component id="oc-22b">
         <name>.debug_info</name>
         <load_address>0x1bf28</load_address>
         <run_address>0x1bf28</run_address>
         <size>0xf8</size>
         <input_file_ref idref="fl-e6"/>
      </object_component>
      <object_component id="oc-2a9">
         <name>.debug_info</name>
         <load_address>0x1c020</load_address>
         <run_address>0x1c020</run_address>
         <size>0xf8</size>
         <input_file_ref idref="fl-e6"/>
      </object_component>
      <object_component id="oc-30c">
         <name>.debug_info</name>
         <load_address>0x1c118</load_address>
         <run_address>0x1c118</run_address>
         <size>0x184</size>
         <input_file_ref idref="fl-e6"/>
      </object_component>
      <object_component id="oc-16e">
         <name>.debug_info</name>
         <load_address>0x1c29c</load_address>
         <run_address>0x1c29c</run_address>
         <size>0x2be</size>
         <input_file_ref idref="fl-e7"/>
      </object_component>
      <object_component id="oc-cf">
         <name>.debug_info</name>
         <load_address>0x1c55a</load_address>
         <run_address>0x1c55a</run_address>
         <size>0x113</size>
         <input_file_ref idref="fl-e7"/>
      </object_component>
      <object_component id="oc-167">
         <name>.debug_info</name>
         <load_address>0x1c66d</load_address>
         <run_address>0x1c66d</run_address>
         <size>0x21f</size>
         <input_file_ref idref="fl-e7"/>
      </object_component>
      <object_component id="oc-ca">
         <name>.debug_info</name>
         <load_address>0x1c88c</load_address>
         <run_address>0x1c88c</run_address>
         <size>0x300</size>
         <input_file_ref idref="fl-e8"/>
      </object_component>
      <object_component id="oc-6c">
         <name>.debug_info</name>
         <load_address>0x1cb8c</load_address>
         <run_address>0x1cb8c</run_address>
         <size>0x167</size>
         <input_file_ref idref="fl-e8"/>
      </object_component>
      <object_component id="oc-15f">
         <name>.debug_info</name>
         <load_address>0x1ccf3</load_address>
         <run_address>0x1ccf3</run_address>
         <size>0x5e</size>
         <input_file_ref idref="fl-e8"/>
      </object_component>
      <object_component id="oc-c8">
         <name>.debug_info</name>
         <load_address>0x1cd51</load_address>
         <run_address>0x1cd51</run_address>
         <size>0x483</size>
         <input_file_ref idref="fl-e9"/>
      </object_component>
      <object_component id="oc-63">
         <name>.debug_info</name>
         <load_address>0x1d1d4</load_address>
         <run_address>0x1d1d4</run_address>
         <size>0x190</size>
         <input_file_ref idref="fl-e9"/>
      </object_component>
      <object_component id="oc-153">
         <name>.debug_info</name>
         <load_address>0x1d364</load_address>
         <run_address>0x1d364</run_address>
         <size>0x39</size>
         <input_file_ref idref="fl-e9"/>
      </object_component>
      <object_component id="oc-1fa">
         <name>.debug_info</name>
         <load_address>0x1d39d</load_address>
         <run_address>0x1d39d</run_address>
         <size>0x39</size>
         <input_file_ref idref="fl-e9"/>
      </object_component>
      <object_component id="oc-158">
         <name>.debug_info</name>
         <load_address>0x1d3d6</load_address>
         <run_address>0x1d3d6</run_address>
         <size>0xcd</size>
         <input_file_ref idref="fl-e9"/>
      </object_component>
      <object_component id="oc-14f">
         <name>.debug_info</name>
         <load_address>0x1d4a3</load_address>
         <run_address>0x1d4a3</run_address>
         <size>0x37a</size>
         <input_file_ref idref="fl-ea"/>
      </object_component>
      <object_component id="oc-bc">
         <name>.debug_info</name>
         <load_address>0x1d81d</load_address>
         <run_address>0x1d81d</run_address>
         <size>0x183</size>
         <input_file_ref idref="fl-ea"/>
      </object_component>
      <object_component id="oc-1f5">
         <name>.debug_info</name>
         <load_address>0x1d9a0</load_address>
         <run_address>0x1d9a0</run_address>
         <size>0x2c</size>
         <input_file_ref idref="fl-ea"/>
      </object_component>
      <object_component id="oc-2c1">
         <name>.debug_info</name>
         <load_address>0x1d9cc</load_address>
         <run_address>0x1d9cc</run_address>
         <size>0x39a</size>
         <input_file_ref idref="fl-eb"/>
      </object_component>
      <object_component id="oc-236">
         <name>.debug_info</name>
         <load_address>0x1dd66</load_address>
         <run_address>0x1dd66</run_address>
         <size>0x298</size>
         <input_file_ref idref="fl-eb"/>
      </object_component>
      <object_component id="oc-30f">
         <name>.debug_info</name>
         <load_address>0x1dffe</load_address>
         <run_address>0x1dffe</run_address>
         <size>0x33c</size>
         <input_file_ref idref="fl-ec"/>
      </object_component>
      <object_component id="oc-2b1">
         <name>.debug_info</name>
         <load_address>0x1e33a</load_address>
         <run_address>0x1e33a</run_address>
         <size>0x25a</size>
         <input_file_ref idref="fl-ec"/>
      </object_component>
      <object_component id="oc-2ec">
         <name>.debug_info</name>
         <load_address>0x1e594</load_address>
         <run_address>0x1e594</run_address>
         <size>0x368</size>
         <input_file_ref idref="fl-ed"/>
      </object_component>
      <object_component id="oc-277">
         <name>.debug_info</name>
         <load_address>0x1e8fc</load_address>
         <run_address>0x1e8fc</run_address>
         <size>0x1b1</size>
         <input_file_ref idref="fl-ed"/>
      </object_component>
      <object_component id="oc-2f2">
         <name>.debug_info</name>
         <load_address>0x1eaad</load_address>
         <run_address>0x1eaad</run_address>
         <size>0x36d</size>
         <input_file_ref idref="fl-ee"/>
      </object_component>
      <object_component id="oc-289">
         <name>.debug_info</name>
         <load_address>0x1ee1a</load_address>
         <run_address>0x1ee1a</run_address>
         <size>0x205</size>
         <input_file_ref idref="fl-ee"/>
      </object_component>
      <object_component id="oc-2e8">
         <name>.debug_info</name>
         <load_address>0x1f01f</load_address>
         <run_address>0x1f01f</run_address>
         <size>0x3cb</size>
         <input_file_ref idref="fl-ef"/>
      </object_component>
      <object_component id="oc-26f">
         <name>.debug_info</name>
         <load_address>0x1f3ea</load_address>
         <run_address>0x1f3ea</run_address>
         <size>0x201</size>
         <input_file_ref idref="fl-ef"/>
      </object_component>
      <object_component id="oc-2ee">
         <name>.debug_info</name>
         <load_address>0x1f5eb</load_address>
         <run_address>0x1f5eb</run_address>
         <size>0x36c</size>
         <input_file_ref idref="fl-f0"/>
      </object_component>
      <object_component id="oc-27d">
         <name>.debug_info</name>
         <load_address>0x1f957</load_address>
         <run_address>0x1f957</run_address>
         <size>0x1f0</size>
         <input_file_ref idref="fl-f0"/>
      </object_component>
      <object_component id="oc-2fc">
         <name>.debug_info</name>
         <load_address>0x1fb47</load_address>
         <run_address>0x1fb47</run_address>
         <size>0x3f3</size>
         <input_file_ref idref="fl-f1"/>
      </object_component>
      <object_component id="oc-293">
         <name>.debug_info</name>
         <load_address>0x1ff3a</load_address>
         <run_address>0x1ff3a</run_address>
         <size>0x22b</size>
         <input_file_ref idref="fl-f1"/>
      </object_component>
      <object_component id="oc-2f4">
         <name>.debug_info</name>
         <load_address>0x20165</load_address>
         <run_address>0x20165</run_address>
         <size>0x3be</size>
         <input_file_ref idref="fl-f2"/>
      </object_component>
      <object_component id="oc-28d">
         <name>.debug_info</name>
         <load_address>0x20523</load_address>
         <run_address>0x20523</run_address>
         <size>0x1bb</size>
         <input_file_ref idref="fl-f2"/>
      </object_component>
      <object_component id="oc-2f0">
         <name>.debug_info</name>
         <load_address>0x206de</load_address>
         <run_address>0x206de</run_address>
         <size>0x36d</size>
         <input_file_ref idref="fl-f3"/>
      </object_component>
      <object_component id="oc-281">
         <name>.debug_info</name>
         <load_address>0x20a4b</load_address>
         <run_address>0x20a4b</run_address>
         <size>0x1f5</size>
         <input_file_ref idref="fl-f3"/>
      </object_component>
      <object_component id="oc-a1">
         <name>.debug_info</name>
         <load_address>0x20c40</load_address>
         <run_address>0x20c40</run_address>
         <size>0x3bc</size>
         <input_file_ref idref="fl-f4"/>
      </object_component>
      <object_component id="oc-31">
         <name>.debug_info</name>
         <load_address>0x20ffc</load_address>
         <run_address>0x20ffc</run_address>
         <size>0x101</size>
         <input_file_ref idref="fl-f4"/>
      </object_component>
      <object_component id="oc-2cc">
         <name>.debug_info</name>
         <load_address>0x210fd</load_address>
[...]
      </symbol>
      <symbol id="sm-4fd">
         <name>__stack</name>
         <value>0x2000fe00</value>
         <object_component_ref idref="oc-2f"/>
      </symbol>
      <symbol id="sm-51b">
         <name>__TI_decompress_lzss</name>
         <value>0x3d75</value>
         <object_component_ref idref="oc-14"/>
      </symbol>
      <symbol id="sm-532">
         <name>__TI_decompress_none</name>
         <value>0x43a1</value>
         <object_component_ref idref="oc-1a"/>
      </symbol>
      <symbol id="sm-544">
         <name>__TI_zero_init</name>
         <value>0x43bd</value>
         <object_component_ref idref="oc-20"/>
      </symbol>
      <symbol id="sm-55e">
         <name>__TI_tmpnams</name>
         <value>0x20003320</value>
      </symbol>
      <symbol id="sm-55f">
         <name>__aeabi_stdout</name>
         <value>0x20003b14</value>
         <object_component_ref idref="oc-23b"/>
      </symbol>
      <symbol id="sm-560">
         <name>__aeabi_stderr</name>
         <value>0x20003b18</value>
         <object_component_ref idref="oc-23b"/>
      </symbol>
      <symbol id="sm-561">
         <name>__aeabi_stdin</name>
         <value>0x20003b10</value>
         <object_component_ref idref="oc-23b"/>
      </symbol>
      <symbol id="sm-562">
         <name>_ftable</name>
         <value>0x20003928</value>
         <object_component_ref idref="oc-1b1"/>
      </symbol>
      <symbol id="sm-563">
         <name>__TI_ft_end</name>
         <value>0x20003b0c</value>
         <object_component_ref idref="oc-23b"/>
      </symbol>
      <symbol id="sm-584">
         <name>C$$EXIT</name>
         <value>0x40d5</value>
         <object_component_ref idref="oc-6e"/>
      </symbol>
      <symbol id="sm-585">
         <name>abort</name>
         <value>0x40d9</value>
         <object_component_ref idref="oc-6e"/>
      </symbol>
      <symbol id="sm-586">
         <name>exit</name>
         <value>0x40e1</value>
         <object_component_ref idref="oc-6e"/>
      </symbol>
      <symbol id="sm-587">
         <name>__TI_dtors_ptr</name>
         <value>0x20003b20</value>
         <object_component_ref idref="oc-cb"/>
      </symbol>
      <symbol id="sm-588">
         <name>__TI_cleanup_ptr</name>
         <value>0x20003b1c</value>
         <object_component_ref idref="oc-cb"/>
      </symbol>
      <symbol id="sm-589">
         <name>__TI_enable_exit_profile_output</name>
         <value>0x20003b24</value>
         <object_component_ref idref="oc-cb"/>
      </symbol>
      <symbol id="sm-5a0">
         <name>__aeabi_dsub</name>
         <value>0x2cf9</value>
         <object_component_ref idref="oc-1d8"/>
      </symbol>
      <symbol id="sm-5a1">
         <name>__aeabi_dadd</name>
         <value>0x2d03</value>
         <object_component_ref idref="oc-1d8"/>
      </symbol>
      <symbol id="sm-5b5">
         <name>__aeabi_ddiv</name>
         <value>0x3015</value>
         <object_component_ref idref="oc-1ce"/>
      </symbol>
      <symbol id="sm-5c0">
         <name>__aeabi_dmul</name>
         <value>0x3355</value>
         <object_component_ref idref="oc-1dd"/>
      </symbol>
      <symbol id="sm-5ca">
         <name>__aeabi_d2uiz</name>
         <value>0x4175</value>
         <object_component_ref idref="oc-1d3"/>
      </symbol>
      <symbol id="sm-601">
         <name>__TI_cleanup</name>
         <value>0x2bfd</value>
         <object_component_ref idref="oc-1a5"/>
      </symbol>
      <symbol id="sm-602">
         <name>freopen</name>
         <value>0x2c29</value>
         <object_component_ref idref="oc-1a5"/>
      </symbol>
      <symbol id="sm-603">
         <name>fopen</name>
         <value>0x2c53</value>
         <object_component_ref idref="oc-1a5"/>
      </symbol>
      <symbol id="sm-618">
         <name>finddevice</name>
         <value>0x3d05</value>
         <object_component_ref idref="oc-21d"/>
      </symbol>
      <symbol id="sm-619">
         <name>getdevice</name>
         <value>0x3d2f</value>
         <object_component_ref idref="oc-21d"/>
      </symbol>
      <symbol id="sm-623">
         <name>__aeabi_i2d</name>
         <value>0x4277</value>
         <object_component_ref idref="oc-1c9"/>
      </symbol>
      <symbol id="sm-63e">
         <name>memcpy</name>
         <value>0x3ae5</value>
         <object_component_ref idref="oc-3e"/>
      </symbol>
      <symbol id="sm-63f">
         <name>__aeabi_memcpy</name>
         <value>0x3ae5</value>
         <object_component_ref idref="oc-3e"/>
      </symbol>
      <symbol id="sm-640">
         <name>__aeabi_memcpy8</name>
         <value>0x3ae5</value>
         <object_component_ref idref="oc-3e"/>
      </symbol>
      <symbol id="sm-641">
         <name>__aeabi_memcpy4</name>
         <value>0x3ae5</value>
         <object_component_ref idref="oc-3e"/>
      </symbol>
      <symbol id="sm-650">
         <name>__aeabi_memset</name>
         <value>0x3c1b</value>
         <object_component_ref idref="oc-4a"/>
      </symbol>
      <symbol id="sm-651">
         <name>memset</name>
         <value>0x3c21</value>
         <object_component_ref idref="oc-4a"/>
      </symbol>
      <symbol id="sm-652">
         <name>__aeabi_memset8</name>
         <value>0x3c1b</value>
         <object_component_ref idref="oc-4a"/>
      </symbol>
      <symbol id="sm-653">
         <name>__aeabi_memset4</name>
         <value>0x3c1b</value>
         <object_component_ref idref="oc-4a"/>
      </symbol>
      <symbol id="sm-654">
         <name>__aeabi_memclr8</name>
         <value>0x3c19</value>
         <object_component_ref idref="oc-4a"/>
      </symbol>
      <symbol id="sm-655">
         <name>__aeabi_memclr4</name>
         <value>0x3c19</value>
         <object_component_ref idref="oc-4a"/>
      </symbol>
      <symbol id="sm-656">
         <name>__aeabi_memclr</name>
         <value>0x3c19</value>
         <object_component_ref idref="oc-4a"/>
      </symbol>
      <symbol id="sm-660">
         <name>__mpu_init</name>
         <value>0x1973</value>
         <object_component_ref idref="oc-56"/>
      </symbol>
      <symbol id="sm-682">
         <name>open</name>
         <value>0x38c9</value>
         <object_component_ref idref="oc-22f"/>
      </symbol>
      <symbol id="sm-68c">
         <name>_system_pre_init</name>
         <value>0x43c9</value>
         <object_component_ref idref="oc-5c"/>
      </symbol>
      <symbol id="sm-6ad">
         <name>setvbuf</name>
         <value>0x3725</value>
         <object_component_ref idref="oc-1ab"/>
      </symbol>
      <symbol id="sm-6b5">
         <name>main_func_sp</name>
         <value>0x20003b50</value>
         <object_component_ref idref="oc-74"/>
      </symbol>
      <symbol id="sm-6c5">
         <name>strchr</name>
         <value>0x434d</value>
         <object_component_ref idref="oc-264"/>
      </symbol>
      <symbol id="sm-6d4">
         <name>strcmp</name>
         <value>0x4335</value>
         <object_component_ref idref="oc-25e"/>
      </symbol>
      <symbol id="sm-6e4">
         <name>strncpy</name>
         <value>0x4241</value>
         <object_component_ref idref="oc-223"/>
      </symbol>
      <symbol id="sm-700">
         <name>_stream</name>
         <value>0x20003a90</value>
         <object_component_ref idref="oc-2a8"/>
      </symbol>
      <symbol id="sm-701">
         <name>_device</name>
         <value>0x20003a18</value>
         <object_component_ref idref="oc-22a"/>
      </symbol>
      <symbol id="sm-702">
         <name>write</name>
         <value>0x42d1</value>
         <object_component_ref idref="oc-308"/>
      </symbol>
      <symbol id="sm-71b">
         <name>_nop</name>
         <value>0x4373</value>
         <object_component_ref idref="oc-166"/>
      </symbol>
      <symbol id="sm-71c">
         <name>_lock</name>
         <value>0x20003b34</value>
         <object_component_ref idref="oc-ce"/>
      </symbol>
      <symbol id="sm-71d">
         <name>_unlock</name>
         <value>0x20003b38</value>
         <object_component_ref idref="oc-ce"/>
      </symbol>
      <symbol id="sm-71e">
         <name>_register_lock</name>
         <value>0x436b</value>
         <object_component_ref idref="oc-166"/>
      </symbol>
      <symbol id="sm-71f">
         <name>_register_unlock</name>
         <value>0x4365</value>
         <object_component_ref idref="oc-166"/>
      </symbol>
      <symbol id="sm-733">
         <name>_args_main</name>
         <value>0x431d</value>
         <object_component_ref idref="oc-68"/>
      </symbol>
      <symbol id="sm-75d">
         <name>__TI_auto_init</name>
         <value>0x3c95</value>
         <object_component_ref idref="oc-62"/>
      </symbol>
      <symbol id="sm-777">
         <name>copy_in</name>
         <value>0x4129</value>
         <object_component_ref idref="oc-bb"/>
      </symbol>
      <symbol id="sm-78d">
         <name>__TI_closefile</name>
         <value>0x3b81</value>
         <object_component_ref idref="oc-235"/>
      </symbol>
      <symbol id="sm-78e">
         <name>fclose</name>
         <value>0x3be7</value>
         <object_component_ref idref="oc-235"/>
      </symbol>
      <symbol id="sm-7a8">
         <name>__TI_doflush</name>
         <value>0x3801</value>
         <object_component_ref idref="oc-2ad"/>
      </symbol>
      <symbol id="sm-7a9">
         <name>fflush</name>
         <value>0x384d</value>
         <object_component_ref idref="oc-2ad"/>
      </symbol>
      <symbol id="sm-7ba">
         <name>HOSTclose</name>
         <value>0x41b9</value>
         <object_component_ref idref="oc-274"/>
      </symbol>
      <symbol id="sm-7cb">
         <name>HOSTlseek</name>
         <value>0x3ddd</value>
         <object_component_ref idref="oc-286"/>
      </symbol>
      <symbol id="sm-7dd">
         <name>parmbuf</name>
         <value>0x200034d4</value>
      </symbol>
      <symbol id="sm-7de">
         <name>HOSTopen</name>
         <value>0x3f15</value>
         <object_component_ref idref="oc-26e"/>
      </symbol>
      <symbol id="sm-7ef">
         <name>HOSTread</name>
         <value>0x3fd1</value>
         <object_component_ref idref="oc-27a"/>
      </symbol>
      <symbol id="sm-800">
         <name>HOSTrename</name>
         <value>0x3e45</value>
         <object_component_ref idref="oc-292"/>
      </symbol>
      <symbol id="sm-811">
         <name>HOSTunlink</name>
         <value>0x41fd</value>
         <object_component_ref idref="oc-28c"/>
      </symbol>
      <symbol id="sm-822">
         <name>HOSTwrite</name>
         <value>0x4029</value>
         <object_component_ref idref="oc-280"/>
      </symbol>
      <symbol id="sm-894">
         <name>_sys_memory</name>
         <value>0x20003528</value>
         <object_component_ref idref="oc-30"/>
      </symbol>
      <symbol id="sm-895">
         <name>free</name>
         <value>0x1a5f</value>
         <object_component_ref idref="oc-241"/>
      </symbol>
      <symbol id="sm-896">
         <name>realloc</name>
         <value>0x1b1f</value>
         <object_component_ref idref="oc-241"/>
      </symbol>
      <symbol id="sm-897">
         <name>memalign</name>
         <value>0x1c29</value>
         <object_component_ref idref="oc-241"/>
      </symbol>
      <symbol id="sm-898">
         <name>calloc</name>
         <value>0x1d15</value>
         <object_component_ref idref="oc-241"/>
      </symbol>
      <symbol id="sm-899">
         <name>malloc</name>
         <value>0x19f5</value>
         <object_component_ref idref="oc-241"/>
      </symbol>
      <symbol id="sm-89a">
         <name>minit</name>
         <value>0x1975</value>
         <object_component_ref idref="oc-241"/>
      </symbol>
      <symbol id="sm-8a5">
         <name>_system_post_cinit</name>
         <value>0x2eaf</value>
         <object_component_ref idref="oc-c1"/>
      </symbol>
      <symbol id="sm-8b3">
         <name>strcpy</name>
         <value>0x4379</value>
         <object_component_ref idref="oc-2f5"/>
      </symbol>
      <symbol id="sm-8c1">
         <name>strlen</name>
         <value>0x438d</value>
         <object_component_ref idref="oc-2db"/>
      </symbol>
      <symbol id="sm-8dc">
         <name>__TI_readmsg</name>
         <value>0x3edf</value>
         <object_component_ref idref="oc-2e1"/>
      </symbol>
      <symbol id="sm-8dd">
         <name>C$$IO$$</name>
         <value>0x3edb</value>
         <object_component_ref idref="oc-2e1"/>
      </symbol>
      <symbol id="sm-8de">
         <name>__CIOBUF_</name>
         <value>0x20003200</value>
         <object_component_ref idref="oc-31e"/>
      </symbol>
      <symbol id="sm-8df">
         <name>__TI_writemsg</name>
         <value>0x3ead</value>
         <object_component_ref idref="oc-2e1"/>
      </symbol>
      <symbol id="sm-8ef">
         <name>unlink</name>
         <value>0x42a5</value>
         <object_component_ref idref="oc-2b9"/>
      </symbol>
      <symbol id="sm-903">
         <name>close</name>
         <value>0x3f75</value>
         <object_component_ref idref="oc-2b3"/>
      </symbol>
      <symbol id="sm-904">
         <name>__TI_static_base__</name>
         <value>0x0</value>
      </symbol>
      <symbol id="sm-907">
         <name>SHT$$INIT_ARRAY$$Limit</name>
         <value>0x0</value>
      </symbol>
      <symbol id="sm-908">
         <name>SHT$$INIT_ARRAY$$Base</name>
         <value>0x0</value>
      </symbol>
      <symbol id="sm-909">
         <name>NMI_Handler</name>
         <value>0x43bb</value>
      </symbol>
      <symbol id="sm-90a">
         <name>HardFault_Handler</name>
         <value>0x43bb</value>
      </symbol>
      <symbol id="sm-90b">
         <name>MemManage_Handler</name>
         <value>0x43bb</value>
      </symbol>
      <symbol id="sm-90c">
         <name>BusFault_Handler</name>
         <value>0x43bb</value>
      </symbol>
      <symbol id="sm-90d">
         <name>UsageFault_Handler</name>
         <value>0x43bb</value>
      </symbol>
      <symbol id="sm-90e">
         <name>SVC_Handler</name>
         <value>0x43bb</value>
      </symbol>
      <symbol id="sm-90f">
         <name>DebugMon_Handler</name>
         <value>0x43bb</value>
      </symbol>
      <symbol id="sm-910">
         <name>PendSV_Handler</name>
         <value>0x43bb</value>
      </symbol>
      <symbol id="sm-911">
         <name>SysTick_Handler</name>
         <value>0x295</value>
      </symbol>
      <symbol id="sm-912">
         <name>PSS_IRQHandler</name>
         <value>0x43bb</value>
      </symbol>
      <symbol id="sm-913">
         <name>CS_IRQHandler</name>
         <value>0x43bb</value>
      </symbol>
      <symbol id="sm-914">
         <name>PCM_IRQHandler</name>
         <value>0x43bb</value>
      </symbol>
      <symbol id="sm-915">
         <name>WDT_A_IRQHandler</name>
         <value>0x43bb</value>
      </symbol>
      <symbol id="sm-916">
         <name>FPU_IRQHandler</name>
         <value>0x43bb</value>
      </symbol>
      <symbol id="sm-917">
         <name>FLCTL_IRQHandler</name>
         <value>0x43bb</value>
      </symbol>
      <symbol id="sm-918">
         <name>COMP_E0_IRQHandler</name>
         <value>0x43bb</value>
      </symbol>
      <symbol id="sm-919">
         <name>COMP_E1_IRQHandler</name>
         <value>0x43bb</value>
      </symbol>
      <symbol id="sm-91a">
         <name>TA0_0_IRQHandler</name>
         <value>0x43bb</value>
      </symbol>
      <symbol id="sm-91b">
         <name>TA0_N_IRQHandler</name>
         <value>0x43bb</value>
      </symbol>
      <symbol id="sm-91c">
         <name>TA1_0_IRQHandler</name>
         <value>0x3aaf</value>
      </symbol>
      <symbol id="sm-91d">
         <name>TA1_N_IRQHandler</name>
         <value>0x43bb</value>
      </symbol>
      <symbol id="sm-91e">
         <name>TA2_0_IRQHandler</name>
         <value>0x43bb</value>
      </symbol>
      <symbol id="sm-91f">
         <name>TA2_N_IRQHandler</name>
         <value>0x43bb</value>
      </symbol>
      <symbol id="sm-920">
         <name>TA3_0_IRQHandler</name>
         <value>0x32e3</value>
      </symbol>
      <symbol id="sm-921">
         <name>TA3_N_IRQHandler</name>
         <value>0x32fd</value>
      </symbol>
      <symbol id="sm-922">
         <name>EUSCIA0_IRQHandler</name>
         <value>0x144b</value>
      </symbol>
      <symbol id="sm-923">
         <name>EUSCIA1_IRQHandler</name>
         <value>0x43bb</value>
      </symbol>
      <symbol id="sm-924">
         <name>EUSCIA2_IRQHandler</name>
         <value>0x43bb</value>
      </symbol>
      <symbol id="sm-925">
         <name>EUSCIA3_IRQHandler</name>
         <value>0x43bb</value>
      </symbol>
      <symbol id="sm-926">
         <name>EUSCIB0_IRQHandler</name>
         <value>0x43bb</value>
      </symbol>
      <symbol id="sm-927">
         <name>EUSCIB1_IRQHandler</name>
         <value>0x43bb</value>
      </symbol>
      <symbol id="sm-928">
         <name>EUSCIB2_IRQHandler</name>
         <value>0x43bb</value>
      </symbol>
      <symbol id="sm-929">
         <name>EUSCIB3_IRQHandler</name>
         <value>0x43bb</value>
      </symbol>
      <symbol id="sm-92a">
         <name>ADC14_IRQHandler</name>
         <value>0x43bb</value>
      </symbol>
      <symbol id="sm-92b">
         <name>T32_INT1_IRQHandler</name>
         <value>0x43bb</value>
      </symbol>
      <symbol id="sm-92c">
         <name>T32_INT2_IRQHandler</name>
         <value>0x43bb</value>
      </symbol>
      <symbol id="sm-92d">
         <name>T32_INTC_IRQHandler</name>
         <value>0x43bb</value>
      </symbol>
      <symbol id="sm-92e">
         <name>AES256_IRQHandler</name>
         <value>0x43bb</value>
      </symbol>
      <symbol id="sm-92f">
         <name>RTC_C_IRQHandler</name>
         <value>0x43bb</value>
      </symbol>
      <symbol id="sm-930">
         <name>DMA_ERR_IRQHandler</name>
         <value>0x43bb</value>
      </symbol>
      <symbol id="sm-931">
         <name>DMA_INT3_IRQHandler</name>
         <value>0x43bb</value>
      </symbol>
      <symbol id="sm-932">
         <name>DMA_INT2_IRQHandler</name>
         <value>0x43bb</value>
      </symbol>
      <symbol id="sm-933">
         <name>DMA_INT1_IRQHandler</name>
         <value>0x43bb</value>
      </symbol>
      <symbol id="sm-934">
         <name>DMA_INT0_IRQHandler</name>
         <value>0x43bb</value>
      </symbol>
      <symbol id="sm-935">
         <name>PORT1_IRQHandler</name>
         <value>0x43bb</value>
      </symbol>
      <symbol id="sm-936">
         <name>PORT2_IRQHandler</name>
         <value>0x43bb</value>
      </symbol>
      <symbol id="sm-937">
         <name>PORT3_IRQHandler</name>
         <value>0x43bb</value>
      </symbol>
      <symbol id="sm-938">
         <name>PORT4_IRQHandler</name>
         <value>0x3507</value>
      </symbol>
      <symbol id="sm-939">
         <name>PORT5_IRQHandler</name>
         <value>0x43bb</value>
      </symbol>
      <symbol id="sm-93a">
         <name>PORT6_IRQHandler</name>
         <value>0x43bb</value>
      </symbol>
      <symbol id="sm-93b">
         <name>remove</name>
         <value>0x42a5</value>
      </symbol>
   </symbol_table>
   <title>Link successful</title>
</link_info>
